 libMatlabCppSharedLib24_2

 Timestamp is e11196ce (reproducible build file hash)

 Preferred load address is 0000000180000000

 Start         Length     Name                   Class
 0001:00000000 00000010H .text$di                CODE
 0001:00000010 00006ca0H .text$mn                CODE
 0001:00006cb0 00000040H .text$mn$00             CODE
 0001:00006cf0 00000980H .text$x                 CODE
 0001:00007670 0000006cH .text$yd                CODE
 0002:00000000 000002d8H .idata$5                DATA
 0002:000002d8 00000038H .00cfg                  DATA
 0002:00000310 00000008H .CRT$XCA                DATA
 0002:00000318 00000008H .CRT$XCU                DATA
 0002:00000320 00000008H .CRT$XCZ                DATA
 0002:00000328 00000008H .CRT$XIA                DATA
 0002:00000330 00000008H .CRT$XIZ                DATA
 0002:00000338 00000008H .CRT$XPA                DATA
 0002:00000340 00000008H .CRT$XPZ                DATA
 0002:00000348 00000008H .CRT$XTA                DATA
 0002:00000350 00000010H .CRT$XTZ                DATA
 0002:00000358 00000000H .gehcont$y              DATA
 0002:00000358 00000000H .gfids$y                DATA
 0002:00000360 00000620H .rdata                  DATA
 0002:00000980 00000080H .rdata$CastGuardVftablesA DATA
 0002:00000a00 00000080H .rdata$CastGuardVftablesC DATA
 0002:00000a80 000001f4H .rdata$r                DATA
 0002:00000c74 000000c4H .rdata$voltmd           DATA
 0002:00000d38 00000388H .rdata$zzzdbg           DATA
 0002:000010c0 00000008H .rtc$IAA                DATA
 0002:000010c8 00000008H .rtc$IZZ                DATA
 0002:000010d0 00000008H .rtc$TAA                DATA
 0002:000010d8 00000008H .rtc$TZZ                DATA
 0002:000010e0 000011f0H .xdata                  DATA
 0002:000022d0 000000f0H .xdata$x                DATA
 0002:000023c0 00000468H .edata                  DATA
 0002:00002828 000000a0H .idata$2                DATA
 0002:000028c8 00000018H .idata$3                DATA
 0002:000028e0 000002d8H .idata$4                DATA
 0002:00002bb8 00000a36H .idata$6                DATA
 0003:00000000 00000078H .data                   DATA
 0003:00000078 00000080H .data$r                 DATA
 0003:000000f8 00000028H .data$rs                DATA
 0003:00000120 00001578H .bss                    DATA
 0004:00000000 00000954H .pdata                  DATA

  Address         Publics by Value              Rva+Base               Lib:Object

 0000:00000000       __AbsoluteZero             0000000000000000     <absolute>
 0000:00000000       ___safe_se_handler_count   0000000000000000     <absolute>
 0000:00000000       ___safe_se_handler_table   0000000000000000     <absolute>
 0000:00000000       __arm64x_extra_rfe_table   0000000000000000     <absolute>
 0000:00000000       __arm64x_extra_rfe_table_size 0000000000000000     <absolute>
 0000:00000000       __arm64x_native_entrypoint 0000000000000000     <absolute>
 0000:00000000       __arm64x_redirection_metadata 0000000000000000     <absolute>
 0000:00000000       __arm64x_redirection_metadata_count 0000000000000000     <absolute>
 0000:00000000       __dynamic_value_reloc_table 0000000000000000     <absolute>
 0000:00000000       __enclave_config           0000000000000000     <absolute>
 0000:00000000       __guard_check_icall_a64n_fptr 0000000000000000     <absolute>
 0000:00000000       __guard_eh_cont_count      0000000000000000     <absolute>
 0000:00000000       __guard_eh_cont_table      0000000000000000     <absolute>
 0000:00000000       __guard_fids_count         0000000000000000     <absolute>
 0000:00000000       __guard_fids_table         0000000000000000     <absolute>
 0000:00000000       __guard_iat_count          0000000000000000     <absolute>
 0000:00000000       __guard_iat_table          0000000000000000     <absolute>
 0000:00000000       __guard_longjmp_count      0000000000000000     <absolute>
 0000:00000000       __guard_longjmp_table      0000000000000000     <absolute>
 0000:00000000       __hybrid_auxiliary_delayload_iat 0000000000000000     <absolute>
 0000:00000000       __hybrid_auxiliary_delayload_iat_copy 0000000000000000     <absolute>
 0000:00000000       __hybrid_auxiliary_iat     0000000000000000     <absolute>
 0000:00000000       __hybrid_auxiliary_iat_copy 0000000000000000     <absolute>
 0000:00000000       __hybrid_code_map          0000000000000000     <absolute>
 0000:00000000       __hybrid_code_map_count    0000000000000000     <absolute>
 0000:00000000       __x64_code_ranges_to_entry_points 0000000000000000     <absolute>
 0000:00000000       __x64_code_ranges_to_entry_points_count 0000000000000000     <absolute>
 0000:00000100       __guard_flags              0000000000000100     <absolute>
 0000:00000000       __ImageBase                0000000180000000     <linker-defined>
 0001:00000010       ??$?0$$V@?$_Compressed_pair@V?$allocator@D@std@@V?$_String_val@U?$_Simple_types@D@std@@@2@$00@std@@QEAA@U_Zero_then_variadic_args_t@1@@Z 0000000180001010 f i cppsharedlib_api.obj
 0001:00000030       ??$?0$$V@?$_Compressed_pair@V?$allocator@_S@std@@V?$_String_val@U?$_Simple_types@_S@std@@@2@$00@std@@QEAA@U_Zero_then_variadic_args_t@1@@Z 0000000180001030 f i cppsharedlib_api.obj
 0001:00000050       ??$?0AEBV?$allocator@V?$basic_string@_SU?$char_traits@_S@std@@V?$allocator@_S@2@@std@@@std@@$$V@?$_Compressed_pair@V?$allocator@V?$basic_string@_SU?$char_traits@_S@std@@V?$allocator@_S@2@@std@@@std@@V?$_Vector_val@U?$_Simple_types@V?$basic_string@_SU?$char_traits@_S@std@@V?$allocator@_S@2@@std@@@std@@@2@$00@std@@QEAA@U_One_then_variadic_args_t@1@AEBV?$allocator@V?$basic_string@_SU?$char_traits@_S@std@@V?$allocator@_S@2@@std@@@1@@Z 0000000180001050 f i cppsharedlib_api.obj
 0001:00000070       ??$?6U?$char_traits@D@std@@@std@@YAAEAV?$basic_ostream@DU?$char_traits@D@std@@@0@AEAV10@PEBD@Z 0000000180001070 f i cppsharedlib_api.obj
 0001:000002d0       ??$?8_SU?$char_traits@_S@std@@V?$allocator@_S@1@@std@@YA_NAEBV?$basic_string@_SU?$char_traits@_S@std@@V?$allocator@_S@2@@0@QEB_S@Z 00000001800012d0 f i cppsharedlib_api.obj
 0001:00000330       ??$_Allocate@$0BA@U_Default_allocate_traits@std@@$0A@@std@@YAPEAX_K@Z 0000000180001330 f i cppsharedlib_api.obj
 0001:00000390       ??$_Allocate_manually_vector_aligned@U_Default_allocate_traits@std@@@std@@YAPEAX_K@Z 0000000180001390 f i cppsharedlib_api.obj
 0001:000003d0       ??$_Construct@$00PEBD@?$basic_string@DU?$char_traits@D@std@@V?$allocator@D@2@@std@@AEAAXQEBD_K@Z 00000001800013d0 f i cppsharedlib_api.obj
 0001:00000490       ??$_Construct@$00PEB_S@?$basic_string@_SU?$char_traits@_S@std@@V?$allocator@_S@2@@std@@AEAAXQEB_S_K@Z 0000000180001490 f i cppsharedlib_api.obj
 0001:00000560       ??$_Construct_in_place@PEADAEBQEAD@std@@YAXAEAPEADAEBQEAD@Z 0000000180001560 f i cppsharedlib_api.obj
 0001:00000570       ??$_Construct_in_place@PEA_SAEAPEA_S@std@@YAXAEAPEA_S0@Z 0000000180001570 f i cppsharedlib_api.obj
 0001:00000580       ??$_Construct_in_place@PEA_SAEBQEA_S@std@@YAXAEAPEA_SAEBQEA_S@Z 0000000180001580 f i cppsharedlib_api.obj
 0001:00000590       ??$_Construct_n@$$V@?$vector@V?$basic_string@_SU?$char_traits@_S@std@@V?$allocator@_S@2@@std@@V?$allocator@V?$basic_string@_SU?$char_traits@_S@std@@V?$allocator@_S@2@@std@@@2@@std@@AEAAX_K@Z 0000000180001590 f i cppsharedlib_api.obj
 0001:00000690       ??$_Convert_size@_K_K@std@@YA_K_K@Z 0000000180001690 f i cppsharedlib_api.obj
 0001:000006a0       ??$_Deallocate@$0BA@$0A@@std@@YAXPEAX_K@Z 00000001800016a0 f i cppsharedlib_api.obj
 0001:000006e0       ??$_Destroy_in_place@PEAD@std@@YAXAEAPEAD@Z 00000001800016e0 f i cppsharedlib_api.obj
 0001:000006f0       ??$_Destroy_in_place@PEA_S@std@@YAXAEAPEA_S@Z 00000001800016f0 f i cppsharedlib_api.obj
 0001:00000700       ??$_Destroy_range@V?$allocator@V?$basic_string@_SU?$char_traits@_S@std@@V?$allocator@_S@2@@std@@@std@@@std@@YAXPEAV?$basic_string@_SU?$char_traits@_S@std@@V?$allocator@_S@2@@0@QEAV10@AEAV?$allocator@V?$basic_string@_SU?$char_traits@_S@std@@V?$allocator@_S@2@@std@@@0@@Z 0000000180001700 f i cppsharedlib_api.obj
 0001:00000740       ??$_Emplace_back@$$V@?$_Uninitialized_backout_al@V?$allocator@V?$basic_string@_SU?$char_traits@_S@std@@V?$allocator@_S@2@@std@@@std@@@std@@QEAAXXZ 0000000180001740 f i cppsharedlib_api.obj
 0001:00000770       ??$_Get_size_of_n@$00@std@@YA_K_K@Z 0000000180001770 f i cppsharedlib_api.obj
 0001:00000780       ??$_Get_size_of_n@$01@std@@YA_K_K@Z 0000000180001780 f i cppsharedlib_api.obj
 0001:000007b0       ??$_Get_size_of_n@$0CA@@std@@YA_K_K@Z 00000001800017b0 f i cppsharedlib_api.obj
 0001:000007e0       ??$_Getvals@_W@?$time_get@DV?$istreambuf_iterator@DU?$char_traits@D@std@@@std@@@std@@IEAAX_WAEBV_Locinfo@1@@Z 00000001800017e0 f i cppsharedlib_api.obj
 0001:000008a0       ??$_Getvals@_W@?$time_get@_WV?$istreambuf_iterator@_WU?$char_traits@_W@std@@@std@@@std@@IEAAX_WAEBV_Locinfo@1@@Z 00000001800018a0 f i cppsharedlib_api.obj
 0001:00000960       ??$_Maklocstr@D@std@@YAPEADPEBDPEADAEBU_Cvtvec@@@Z 0000000180001960 f i cppsharedlib_api.obj
 0001:000009e0       ??$_Maklocstr@_W@std@@YAPEA_WPEBDPEA_WAEBU_Cvtvec@@@Z 00000001800019e0 f i cppsharedlib_api.obj
 0001:00000af0       ??$_Pocma@V?$allocator@_S@std@@@std@@YAXAEAV?$allocator@_S@0@0@Z 0000000180001af0 f i cppsharedlib_api.obj
 0001:00000b00       ??$_Reallocate_grow_by@V<lambda_1>@?1??append@?$basic_string@DU?$char_traits@D@std@@V?$allocator@D@2@@std@@QEAAAEAV34@QEBD_K@Z@PEBD_K@?$basic_string@DU?$char_traits@D@std@@V?$allocator@D@2@@std@@AEAAAEAV01@_KV<lambda_1>@?1??append@01@QEAAAEAV01@QEBD0@Z@PEBD_K@Z 0000000180001b00 f i cppsharedlib_api.obj
 0001:00000c90       ??$_Traits_equal@U?$char_traits@_S@std@@@std@@YA_NQEB_S_K01@Z 0000000180001c90 f i cppsharedlib_api.obj
 0001:00000cc0       ??$_Unfancy@D@std@@YAPEADPEAD@Z 0000000180001cc0 f i cppsharedlib_api.obj
 0001:00000cd0       ??$_Unfancy@V?$basic_string@_SU?$char_traits@_S@std@@V?$allocator@_S@2@@std@@@std@@YAPEAV?$basic_string@_SU?$char_traits@_S@std@@V?$allocator@_S@2@@0@PEAV10@@Z 0000000180001cd0 f i cppsharedlib_api.obj
 0001:00000ce0       ??$_Unfancy@_S@std@@YAPEA_SPEA_S@Z 0000000180001ce0 f i cppsharedlib_api.obj
 0001:00000cf0       ??$_Uninitialized_value_construct_n@V?$allocator@V?$basic_string@_SU?$char_traits@_S@std@@V?$allocator@_S@2@@std@@@std@@@std@@YAPEAV?$basic_string@_SU?$char_traits@_S@std@@V?$allocator@_S@2@@0@PEAV10@_KAEAV?$allocator@V?$basic_string@_SU?$char_traits@_S@std@@V?$allocator@_S@2@@std@@@0@@Z 0000000180001cf0 f i cppsharedlib_api.obj
 0001:00000d30       ??$_Voidify_iter@PEAPEAD@std@@YAPEAXPEAPEAD@Z 0000000180001d30 f i cppsharedlib_api.obj
 0001:00000d40       ??$_Voidify_iter@PEAPEA_S@std@@YAPEAXPEAPEA_S@Z 0000000180001d40 f i cppsharedlib_api.obj
 0001:00000d50       ??$_Voidify_iter@PEAV?$basic_string@_SU?$char_traits@_S@std@@V?$allocator@_S@2@@std@@@std@@YAPEAXPEAV?$basic_string@_SU?$char_traits@_S@std@@V?$allocator@_S@2@@0@@Z 0000000180001d50 f i cppsharedlib_api.obj
 0001:00000d60       ??$addressof@$$CBV?$_String_val@U?$_Simple_types@_S@std@@@std@@@std@@YAPEBV?$_String_val@U?$_Simple_types@_S@std@@@0@AEBV10@@Z 0000000180001d60 f i cppsharedlib_api.obj
 0001:00000d70       ??$addressof@PEAD@std@@YAPEAPEADAEAPEAD@Z 0000000180001d70 f i cppsharedlib_api.obj
 0001:00000d80       ??$addressof@PEA_S@std@@YAPEAPEA_SAEAPEA_S@Z 0000000180001d80 f i cppsharedlib_api.obj
 0001:00000d90       ??$addressof@V?$_String_val@U?$_Simple_types@_S@std@@@std@@@std@@YAPEAV?$_String_val@U?$_Simple_types@_S@std@@@0@AEAV10@@Z 0000000180001d90 f i cppsharedlib_api.obj
 0001:00000da0       ??$addressof@V?$basic_string@_SU?$char_traits@_S@std@@V?$allocator@_S@2@@std@@@std@@YAPEAV?$basic_string@_SU?$char_traits@_S@std@@V?$allocator@_S@2@@0@AEAV10@@Z 0000000180001da0 f i cppsharedlib_api.obj
 0001:00000db0       ??$call_once@A6AXPEAPEA_S_K@ZAEAPEAPEA_SAEA_K@std@@YAXAEAUonce_flag@0@A6AXPEAPEA_S_K@ZAEAPEAPEA_SAEA_K@Z 0000000180001db0 f i cppsharedlib_api.obj
 0001:00000e40       ??$construct@V?$basic_string@_SU?$char_traits@_S@std@@V?$allocator@_S@2@@std@@$$V@?$_Default_allocator_traits@V?$allocator@V?$basic_string@_SU?$char_traits@_S@std@@V?$allocator@_S@2@@std@@@std@@@std@@SAXAEAV?$allocator@V?$basic_string@_SU?$char_traits@_S@std@@V?$allocator@_S@2@@std@@@1@QEAV?$basic_string@_SU?$char_traits@_S@std@@V?$allocator@_S@2@@1@@Z 0000000180001e40 f i cppsharedlib_api.obj
 0001:00000e60       ??$destroy@V?$basic_string@_SU?$char_traits@_S@std@@V?$allocator@_S@2@@std@@@?$_Default_allocator_traits@V?$allocator@V?$basic_string@_SU?$char_traits@_S@std@@V?$allocator@_S@2@@std@@@std@@@std@@SAXAEAV?$allocator@V?$basic_string@_SU?$char_traits@_S@std@@V?$allocator@_S@2@@std@@@1@QEAV?$basic_string@_SU?$char_traits@_S@std@@V?$allocator@_S@2@@1@@Z 0000000180001e60 f i cppsharedlib_api.obj
 0001:00000e70       ??$endl@DU?$char_traits@D@std@@@std@@YAAEAV?$basic_ostream@DU?$char_traits@D@std@@@0@AEAV10@@Z 0000000180001e70 f i cppsharedlib_api.obj
 0001:00000eb0       ??$forward@A6AXPEAPEA_S_K@Z@std@@YAA6AXPEAPEA_S_K@ZA6AX01@Z@Z 0000000180001eb0 f i cppsharedlib_api.obj
 0001:00000ec0       ??$forward@AEAPEAPEA_S@std@@YAAEAPEAPEA_SAEAPEAPEA_S@Z 0000000180001ec0 f i cppsharedlib_api.obj
 0001:00000ed0       ??$forward@AEAPEA_S@std@@YAAEAPEA_SAEAPEA_S@Z 0000000180001ed0 f i cppsharedlib_api.obj
 0001:00000ee0       ??$forward@AEA_K@std@@YAAEA_KAEA_K@Z 0000000180001ee0 f i cppsharedlib_api.obj
 0001:00000ef0       ??$forward@AEBQEAD@std@@YAAEBQEADAEBQEAD@Z 0000000180001ef0 f i cppsharedlib_api.obj
 0001:00000f00       ??$forward@AEBQEA_S@std@@YAAEBQEA_SAEBQEA_S@Z 0000000180001f00 f i cppsharedlib_api.obj
 0001:00000f10       ??$forward@AEBV?$allocator@V?$basic_string@_SU?$char_traits@_S@std@@V?$allocator@_S@2@@std@@@std@@@std@@YAAEBV?$allocator@V?$basic_string@_SU?$char_traits@_S@std@@V?$allocator@_S@2@@std@@@0@AEBV10@@Z 0000000180001f10 f i cppsharedlib_api.obj
 0001:00000f20       ??$invoke@A6AXPEAPEA_S_K@ZAEAPEAPEA_SAEA_K@std@@YAXA6AXPEAPEA_S_K@ZAEAPEAPEA_SAEA_K@Z 0000000180001f20 f i cppsharedlib_api.obj
 0001:00000f30       ??$max@_K@std@@YAAEB_KAEB_K0@Z 0000000180001f30 f i cppsharedlib_api.obj
 0001:00000f40       ??$min@_K@std@@YAAEB_KAEB_K0@Z 0000000180001f40 f i cppsharedlib_api.obj
 0001:00000f50       ??$move@AEAV?$allocator@_S@std@@@std@@YA$$QEAV?$allocator@_S@0@AEAV10@@Z 0000000180001f50 f i cppsharedlib_api.obj
 0001:00000f60       ??$resolve_function@P6AHP6AHHPEAPEBD@ZH0@Z@@YAXPEAXPEAP6AHP6AHHPEAPEBD@ZH1@ZPEBD@Z 0000000180001f60 f i cppsharedlib_api.obj
 0001:00000f80       ??$resolve_function@P6APEBD_K0@Z@@YAXPEAXPEAP6APEBD_K1@ZPEBD@Z 0000000180001f80 f i cppsharedlib_api.obj
 0001:00000fa0       ??$resolve_function@P6APEBD_K@Z@@YAXPEAXPEAP6APEBD_K@ZPEBD@Z 0000000180001fa0 f i cppsharedlib_api.obj
 0001:00000fc0       ??$resolve_function@P6APEB_S_K0@Z@@YAXPEAXPEAP6APEB_S_K1@ZPEBD@Z 0000000180001fc0 f i cppsharedlib_api.obj
 0001:00000fe0       ??$resolve_function@P6AXAEBV?$basic_string@DU?$char_traits@D@std@@V?$allocator@D@2@@std@@AEAV?$basic_string@_SU?$char_traits@_S@std@@V?$allocator@_S@2@@2@@Z@@YAXPEAXPEAP6AXAEBV?$basic_string@DU?$char_traits@D@std@@V?$allocator@D@2@@std@@AEAV?$basic_string@_SU?$char_traits@_S@std@@V?$allocator@_S@2@@1@@ZPEBD@Z 0000000180001fe0 f i cppsharedlib_api.obj
 0001:00001000       ??$resolve_function@P6AXAEBV?$vector@V?$basic_string@_SU?$char_traits@_S@std@@V?$allocator@_S@2@@std@@V?$allocator@V?$basic_string@_SU?$char_traits@_S@std@@V?$allocator@_S@2@@std@@@2@@std@@@Z@@YAXPEAXPEAP6AXAEBV?$vector@V?$basic_string@_SU?$char_traits@_S@std@@V?$allocator@_S@2@@std@@V?$allocator@V?$basic_string@_SU?$char_traits@_S@std@@V?$allocator@_S@2@@std@@@2@@std@@@ZPEBD@Z 0000000180002000 f i cppsharedlib_api.obj
 0001:00001020       ??$resolve_function@P6AXXZ@@YAXPEAXPEAP6AXXZPEBD@Z 0000000180002020 f i cppsharedlib_api.obj
 0001:00001040       ??$resolve_function@P6AX_K@Z@@YAXPEAXPEAP6AX_K@ZPEBD@Z 0000000180002040 f i cppsharedlib_api.obj
 0001:00001060       ??$resolve_function@P6A_KAEBV?$basic_string@_SU?$char_traits@_S@std@@V?$allocator@_S@2@@std@@0@Z@@YAXPEAXPEAP6A_KAEBV?$basic_string@_SU?$char_traits@_S@std@@V?$allocator@_S@2@@std@@1@ZPEBD@Z 0000000180002060 f i cppsharedlib_api.obj
 0001:00001080       ??$resolve_function@P6A_K_K0@Z@@YAXPEAXPEAP6A_K_K1@ZPEBD@Z 0000000180002080 f i cppsharedlib_api.obj
 0001:000010a0       ??$resolve_function@P6A_K_K@Z@@YAXPEAXPEAP6A_K_K@ZPEBD@Z 00000001800020a0 f i cppsharedlib_api.obj
 0001:000010c0       ??$resolve_function@P6A_K_KAEBV?$basic_string@DU?$char_traits@D@std@@V?$allocator@D@2@@std@@0_NPEAPEAVArrayImpl@impl@data@matlab@@_KP6AXPEAX423@ZP6AX5424PEBX@Z555P6AX5PEB_S4@ZP6AX5@Z@Z@@YAXPEAXPEAP6A_K_KAEBV?$basic_string@DU?$char_traits@D@std@@V?$allocator@D@2@@std@@1_NPEAPEAVArrayImpl@impl@data@matlab@@_KP6AX0534@ZP6AX0535PEBX@Z000P6AX0PEB_S5@ZP6AX0@Z@ZPEBD@Z 00000001800020c0 f i cppsharedlib_api.obj
 0001:000010e0       ??$resolve_function@P6A_N_KN@Z@@YAXPEAXPEAP6A_N_KN@ZPEBD@Z 00000001800020e0 f i cppsharedlib_api.obj
 0001:00001100       ??$resolve_function@P6A_N_K_N@Z@@YAXPEAXPEAP6A_N_K_N@ZPEBD@Z 0000000180002100 f i cppsharedlib_api.obj
 0001:00001120       ??0?$_String_val@U?$_Simple_types@D@std@@@std@@QEAA@XZ 0000000180002120 f i cppsharedlib_api.obj
 0001:00001140       ??0?$_String_val@U?$_Simple_types@_S@std@@@std@@QEAA@XZ 0000000180002140 f i cppsharedlib_api.obj
 0001:00001160       ??0?$_Uninitialized_backout_al@V?$allocator@V?$basic_string@_SU?$char_traits@_S@std@@V?$allocator@_S@2@@std@@@std@@@std@@QEAA@PEAV?$basic_string@_SU?$char_traits@_S@std@@V?$allocator@_S@2@@1@AEAV?$allocator@V?$basic_string@_SU?$char_traits@_S@std@@V?$allocator@_S@2@@std@@@1@@Z 0000000180002160 f i cppsharedlib_api.obj
 0001:00001170       ??0?$_Vector_val@U?$_Simple_types@V?$basic_string@_SU?$char_traits@_S@std@@V?$allocator@_S@2@@std@@@std@@@std@@QEAA@XZ 0000000180002170 f i cppsharedlib_api.obj
 0001:00001190       ??0?$allocator@D@std@@QEAA@XZ 0000000180002190 f i cppsharedlib_api.obj
 0001:000011a0       ??0?$allocator@V?$basic_string@_SU?$char_traits@_S@std@@V?$allocator@_S@2@@std@@@std@@QEAA@XZ 00000001800021a0 f i cppsharedlib_api.obj
 0001:000011b0       ??0?$allocator@_S@std@@QEAA@XZ 00000001800021b0 f i cppsharedlib_api.obj
 0001:000011c0       ??0?$basic_string@DU?$char_traits@D@std@@V?$allocator@D@2@@std@@QEAA@QEBD@Z 00000001800021c0 f i cppsharedlib_api.obj
 0001:00001200       ??0?$basic_string@_SU?$char_traits@_S@std@@V?$allocator@_S@2@@std@@QEAA@QEB_S@Z 0000000180002200 f i cppsharedlib_api.obj
 0001:00001240       ??0?$basic_string@_SU?$char_traits@_S@std@@V?$allocator@_S@2@@std@@QEAA@XZ 0000000180002240 f i cppsharedlib_api.obj
 0001:00001260       ??0?$vector@V?$basic_string@_SU?$char_traits@_S@std@@V?$allocator@_S@2@@std@@V?$allocator@V?$basic_string@_SU?$char_traits@_S@std@@V?$allocator@_S@2@@std@@@2@@std@@QEAA@_KAEBV?$allocator@V?$basic_string@_SU?$char_traits@_S@std@@V?$allocator@_S@2@@std@@@1@@Z 0000000180002260 f i cppsharedlib_api.obj
 0001:00001370       ??0_Bxty@?$_String_val@U?$_Simple_types@D@std@@@std@@QEAA@XZ 0000000180002370 f i cppsharedlib_api.obj
 0001:00001380       ??0_Bxty@?$_String_val@U?$_Simple_types@_S@std@@@std@@QEAA@XZ 0000000180002380 f i cppsharedlib_api.obj
 0001:00001390       ??0_Fake_proxy_ptr_impl@std@@QEAA@AEBU_Fake_allocator@1@AEBU_Container_base0@1@@Z 0000000180002390 f i cppsharedlib_api.obj
 0001:000013a0       ??0_Sentry_base@?$basic_ostream@DU?$char_traits@D@std@@@std@@QEAA@AEAV12@@Z 00000001800023a0 f i cppsharedlib_api.obj
 0001:000013e0       ??0bad_alloc@std@@AEAA@QEBD@Z 00000001800023e0 f i cppsharedlib_api.obj
 0001:00001400       ??0bad_alloc@std@@QEAA@AEBV01@@Z 0000000180002400 f i cppsharedlib_api.obj
 0001:00001440       ??0bad_array_new_length@std@@QEAA@AEBV01@@Z 0000000180002440 f i cppsharedlib_api.obj
 0001:00001480       ??0bad_array_new_length@std@@QEAA@XZ 0000000180002480 f i cppsharedlib_api.obj
 0001:000014b0       ??0exception@std@@QEAA@AEBV01@@Z 00000001800024b0 f i cppsharedlib_api.obj
 0001:000014f0       ??0exception@std@@QEAA@QEBDH@Z 00000001800024f0 f i cppsharedlib_api.obj
 0001:00001510       ??0sentry@?$basic_ostream@DU?$char_traits@D@std@@@std@@QEAA@AEAV12@@Z 0000000180002510 f i cppsharedlib_api.obj
 0001:000015b0       ??1?$_Compressed_pair@V?$allocator@D@std@@V?$_String_val@U?$_Simple_types@D@std@@@2@$00@std@@QEAA@XZ 00000001800025b0 f i cppsharedlib_api.obj
 0001:000015c0       ??1?$_Compressed_pair@V?$allocator@_S@std@@V?$_String_val@U?$_Simple_types@_S@std@@@2@$00@std@@QEAA@XZ 00000001800025c0 f i cppsharedlib_api.obj
 0001:000015d0       ??1?$_String_val@U?$_Simple_types@D@std@@@std@@QEAA@XZ 00000001800025d0 f i cppsharedlib_api.obj
 0001:000015e0       ??1?$_String_val@U?$_Simple_types@_S@std@@@std@@QEAA@XZ 00000001800025e0 f i cppsharedlib_api.obj
 0001:000015f0       ??1?$_Tidy_guard@V?$vector@V?$basic_string@_SU?$char_traits@_S@std@@V?$allocator@_S@2@@std@@V?$allocator@V?$basic_string@_SU?$char_traits@_S@std@@V?$allocator@_S@2@@std@@@2@@std@@@std@@QEAA@XZ 00000001800025f0 f i cppsharedlib_api.obj
 0001:00001600       ??1?$_Uninitialized_backout_al@V?$allocator@V?$basic_string@_SU?$char_traits@_S@std@@V?$allocator@_S@2@@std@@@std@@@std@@QEAA@XZ 0000000180002600 f i cppsharedlib_api.obj
 0001:00001640       ??1?$basic_string@DU?$char_traits@D@std@@V?$allocator@D@2@@std@@QEAA@XZ 0000000180002640 f i cppsharedlib_api.obj
 0001:00001650       ??1?$basic_string@_SU?$char_traits@_S@std@@V?$allocator@_S@2@@std@@QEAA@XZ 0000000180002650 f i cppsharedlib_api.obj
 0001:00001660       ??1?$vector@V?$basic_string@_SU?$char_traits@_S@std@@V?$allocator@_S@2@@std@@V?$allocator@V?$basic_string@_SU?$char_traits@_S@std@@V?$allocator@_S@2@@std@@@2@@std@@QEAA@XZ 0000000180002660 f i cppsharedlib_api.obj
 0001:00001670       ??1_Bxty@?$_String_val@U?$_Simple_types@D@std@@@std@@QEAA@XZ 0000000180002670 f i cppsharedlib_api.obj
 0001:00001680       ??1_Bxty@?$_String_val@U?$_Simple_types@_S@std@@@std@@QEAA@XZ 0000000180002680 f i cppsharedlib_api.obj
 0001:00001690       ??1_Init_once_completer@std@@QEAA@XZ 0000000180002690 f i cppsharedlib_api.obj
 0001:000016c0       ??1_Sentry_base@?$basic_ostream@DU?$char_traits@D@std@@@std@@QEAA@XZ 00000001800026c0 f i cppsharedlib_api.obj
 0001:000016f0       ??1bad_alloc@std@@UEAA@XZ  00000001800026f0 f i cppsharedlib_api.obj
 0001:00001710       ??1bad_array_new_length@std@@UEAA@XZ 0000000180002710 f i cppsharedlib_api.obj
 0001:00001730       ??1exception@std@@UEAA@XZ  0000000180002730 f i cppsharedlib_api.obj
 0001:00001750       ??1sentry@?$basic_ostream@DU?$char_traits@D@std@@@std@@QEAA@XZ 0000000180002750 f i cppsharedlib_api.obj
 0001:000017a0       ??2@YAPEAX_KPEAX@Z         00000001800027a0 f i cppsharedlib_api.obj
 0001:000017b0       ??4?$basic_string@_SU?$char_traits@_S@std@@V?$allocator@_S@2@@std@@QEAAAEAV01@$$QEAV01@@Z 00000001800027b0 f i cppsharedlib_api.obj
 0001:00001850       ??A?$vector@V?$basic_string@_SU?$char_traits@_S@std@@V?$allocator@_S@2@@std@@V?$allocator@V?$basic_string@_SU?$char_traits@_S@std@@V?$allocator@_S@2@@std@@@2@@std@@QEAAAEAV?$basic_string@_SU?$char_traits@_S@std@@V?$allocator@_S@2@@1@_K@Z 0000000180002850 f i cppsharedlib_api.obj
 0001:00001860       ??Bsentry@?$basic_ostream@DU?$char_traits@D@std@@@std@@QEBA_NXZ 0000000180002860 f i cppsharedlib_api.obj
 0001:00001870       ??R<lambda_1>@?1??append@?$basic_string@DU?$char_traits@D@std@@V?$allocator@D@2@@std@@QEAAAEAV23@QEBD_K@Z@QEBA@QEAD0101@Z 0000000180002870 f i cppsharedlib_api.obj
 0001:000018c0       ??Y?$basic_string@DU?$char_traits@D@std@@V?$allocator@D@2@@std@@QEAAAEAV01@QEBD@Z 00000001800028c0 f i cppsharedlib_api.obj
 0001:000018e0       ??_G?$basic_string@_SU?$char_traits@_S@std@@V?$allocator@_S@2@@std@@QEAAPEAXI@Z 00000001800028e0 f i cppsharedlib_api.obj
 0001:00001920       ??_Ebad_alloc@std@@UEAAPEAXI@Z 0000000180002920 f i cppsharedlib_api.obj
 0001:00001920       ??_Gbad_alloc@std@@UEAAPEAXI@Z 0000000180002920 f i cppsharedlib_api.obj
 0001:00001970       ??_Ebad_array_new_length@std@@UEAAPEAXI@Z 0000000180002970 f i cppsharedlib_api.obj
 0001:00001970       ??_Gbad_array_new_length@std@@UEAAPEAXI@Z 0000000180002970 f i cppsharedlib_api.obj
 0001:000019c0       ??_Eexception@std@@UEAAPEAXI@Z 00000001800029c0 f i cppsharedlib_api.obj
 0001:000019c0       ??_Gexception@std@@UEAAPEAXI@Z 00000001800029c0 f i cppsharedlib_api.obj
 0001:00001a10       ?_Activate_SSO_buffer@?$_String_val@U?$_Simple_types@D@std@@@std@@QEAAXXZ 0000000180002a10 f i cppsharedlib_api.obj
 0001:00001a20       ?_Activate_SSO_buffer@?$_String_val@U?$_Simple_types@_S@std@@@std@@QEAAXXZ 0000000180002a20 f i cppsharedlib_api.obj
 0001:00001a30       ?_Adjust_manually_vector_aligned@std@@YAXAEAPEAXAEA_K@Z 0000000180002a30 f i cppsharedlib_api.obj
 0001:00001a60       ?_Alloc_proxy@_Container_base0@std@@QEAAXAEBU_Fake_allocator@2@@Z 0000000180002a60 f i cppsharedlib_api.obj
 0001:00001a70       ?_Allocate@_Default_allocate_traits@std@@SAPEAX_K@Z 0000000180002a70 f i cppsharedlib_api.obj
 0001:00001a80       ?_Buy_nonzero@?$vector@V?$basic_string@_SU?$char_traits@_S@std@@V?$allocator@_S@2@@std@@V?$allocator@V?$basic_string@_SU?$char_traits@_S@std@@V?$allocator@_S@2@@std@@@2@@std@@AEAAX_K@Z 0000000180002a80 f i cppsharedlib_api.obj
 0001:00001b10       ?_Buy_raw@?$vector@V?$basic_string@_SU?$char_traits@_S@std@@V?$allocator@_S@2@@std@@V?$allocator@V?$basic_string@_SU?$char_traits@_S@std@@V?$allocator@_S@2@@std@@@2@@std@@AEAAX_K@Z 0000000180002b10 f i cppsharedlib_api.obj
 0001:00001ba0       ?_Calculate_growth@?$basic_string@DU?$char_traits@D@std@@V?$allocator@D@2@@std@@AEBA_K_K@Z 0000000180002ba0 f i cppsharedlib_api.obj
 0001:00001be0       ?_Calculate_growth@?$basic_string@DU?$char_traits@D@std@@V?$allocator@D@2@@std@@CA_K_K00@Z 0000000180002be0 f i cppsharedlib_api.obj
 0001:00001c10       ?_Calculate_growth@?$basic_string@_SU?$char_traits@_S@std@@V?$allocator@_S@2@@std@@AEBA_K_K@Z 0000000180002c10 f i cppsharedlib_api.obj
 0001:00001c50       ?_Calculate_growth@?$basic_string@_SU?$char_traits@_S@std@@V?$allocator@_S@2@@std@@CA_K_K00@Z 0000000180002c50 f i cppsharedlib_api.obj
 0001:00001c80       ?_Equal@?$basic_string@_SU?$char_traits@_S@std@@V?$allocator@_S@2@@std@@QEBA_NQEB_S@Z 0000000180002c80 f i cppsharedlib_api.obj
 0001:00001ce0       ?_Get_first@?$_Compressed_pair@V?$allocator@D@std@@V?$_String_val@U?$_Simple_types@D@std@@@2@$00@std@@QEAAAEAV?$allocator@D@2@XZ 0000000180002ce0 f i cppsharedlib_api.obj
 0001:00001cf0       ?_Get_first@?$_Compressed_pair@V?$allocator@D@std@@V?$_String_val@U?$_Simple_types@D@std@@@2@$00@std@@QEBAAEBV?$allocator@D@2@XZ 0000000180002cf0 f i cppsharedlib_api.obj
 0001:00001d00       ?_Get_first@?$_Compressed_pair@V?$allocator@V?$basic_string@_SU?$char_traits@_S@std@@V?$allocator@_S@2@@std@@@std@@V?$_Vector_val@U?$_Simple_types@V?$basic_string@_SU?$char_traits@_S@std@@V?$allocator@_S@2@@std@@@std@@@2@$00@std@@QEAAAEAV?$allocator@V?$basic_string@_SU?$char_traits@_S@std@@V?$allocator@_S@2@@std@@@2@XZ 0000000180002d00 f i cppsharedlib_api.obj
 0001:00001d10       ?_Get_first@?$_Compressed_pair@V?$allocator@V?$basic_string@_SU?$char_traits@_S@std@@V?$allocator@_S@2@@std@@@std@@V?$_Vector_val@U?$_Simple_types@V?$basic_string@_SU?$char_traits@_S@std@@V?$allocator@_S@2@@std@@@std@@@2@$00@std@@QEBAAEBV?$allocator@V?$basic_string@_SU?$char_traits@_S@std@@V?$allocator@_S@2@@std@@@2@XZ 0000000180002d10 f i cppsharedlib_api.obj
 0001:00001d20       ?_Get_first@?$_Compressed_pair@V?$allocator@_S@std@@V?$_String_val@U?$_Simple_types@_S@std@@@2@$00@std@@QEAAAEAV?$allocator@_S@2@XZ 0000000180002d20 f i cppsharedlib_api.obj
 0001:00001d30       ?_Get_first@?$_Compressed_pair@V?$allocator@_S@std@@V?$_String_val@U?$_Simple_types@_S@std@@@2@$00@std@@QEBAAEBV?$allocator@_S@2@XZ 0000000180002d30 f i cppsharedlib_api.obj
 0001:00001d40       ?_Getal@?$basic_string@DU?$char_traits@D@std@@V?$allocator@D@2@@std@@AEAAAEAV?$allocator@D@2@XZ 0000000180002d40 f i cppsharedlib_api.obj
 0001:00001d50       ?_Getal@?$basic_string@DU?$char_traits@D@std@@V?$allocator@D@2@@std@@AEBAAEBV?$allocator@D@2@XZ 0000000180002d50 f i cppsharedlib_api.obj
 0001:00001d60       ?_Getal@?$basic_string@_SU?$char_traits@_S@std@@V?$allocator@_S@2@@std@@AEAAAEAV?$allocator@_S@2@XZ 0000000180002d60 f i cppsharedlib_api.obj
 0001:00001d70       ?_Getal@?$basic_string@_SU?$char_traits@_S@std@@V?$allocator@_S@2@@std@@AEBAAEBV?$allocator@_S@2@XZ 0000000180002d70 f i cppsharedlib_api.obj
 0001:00001d80       ?_Getal@?$vector@V?$basic_string@_SU?$char_traits@_S@std@@V?$allocator@_S@2@@std@@V?$allocator@V?$basic_string@_SU?$char_traits@_S@std@@V?$allocator@_S@2@@std@@@2@@std@@AEAAAEAV?$allocator@V?$basic_string@_SU?$char_traits@_S@std@@V?$allocator@_S@2@@std@@@2@XZ 0000000180002d80 f i cppsharedlib_api.obj
 0001:00001d90       ?_Getal@?$vector@V?$basic_string@_SU?$char_traits@_S@std@@V?$allocator@_S@2@@std@@V?$allocator@V?$basic_string@_SU?$char_traits@_S@std@@V?$allocator@_S@2@@std@@@2@@std@@AEBAAEBV?$allocator@V?$basic_string@_SU?$char_traits@_S@std@@V?$allocator@_S@2@@std@@@2@XZ 0000000180002d90 f i cppsharedlib_api.obj
 0001:00001da0       ?_Large_string_engaged@?$_String_val@U?$_Simple_types@D@std@@@std@@QEBA_NXZ 0000000180002da0 f i cppsharedlib_api.obj
 0001:00001db0       ?_Large_string_engaged@?$_String_val@U?$_Simple_types@_S@std@@@std@@QEBA_NXZ 0000000180002db0 f i cppsharedlib_api.obj
 0001:00001dc0       ?_Maklocwcs@std@@YAPEA_WPEB_W@Z 0000000180002dc0 f i cppsharedlib_api.obj
 0001:00001e30       ?_Memcpy_val_from@?$basic_string@_SU?$char_traits@_S@std@@V?$allocator@_S@2@@std@@AEAAXAEBV12@@Z 0000000180002e30 f i cppsharedlib_api.obj
 0001:00001e40       ?_Myptr@?$_String_val@U?$_Simple_types@D@std@@@std@@QEAAPEADXZ 0000000180002e40 f i cppsharedlib_api.obj
 0001:00001e50       ?_Myptr@?$_String_val@U?$_Simple_types@D@std@@@std@@QEBAPEBDXZ 0000000180002e50 f i cppsharedlib_api.obj
 0001:00001e60       ?_Myptr@?$_String_val@U?$_Simple_types@_S@std@@@std@@QEBAPEB_SXZ 0000000180002e60 f i cppsharedlib_api.obj
 0001:00001e70       ?_Orphan_all@_Container_base0@std@@QEAAXXZ 0000000180002e70 f i cppsharedlib_api.obj
 0001:00001e80       ?_Release@?$_Uninitialized_backout_al@V?$allocator@V?$basic_string@_SU?$char_traits@_S@std@@V?$allocator@_S@2@@std@@@std@@@std@@QEAAPEAV?$basic_string@_SU?$char_traits@_S@std@@V?$allocator@_S@2@@2@XZ 0000000180002e80 f i cppsharedlib_api.obj
 0001:00001e90       ?_Release@_Fake_proxy_ptr_impl@std@@QEAAXXZ 0000000180002e90 f i cppsharedlib_api.obj
 0001:00001ea0       ?_Start_element_lifetimes@?$basic_string@DU?$char_traits@D@std@@V?$allocator@D@2@@std@@CAXQEAD_K@Z 0000000180002ea0 f i cppsharedlib_api.obj
 0001:00001eb0       ?_Start_element_lifetimes@?$basic_string@_SU?$char_traits@_S@std@@V?$allocator@_S@2@@std@@CAXQEA_S_K@Z 0000000180002eb0 f i cppsharedlib_api.obj
 0001:00001ec0       ?_Swap_proxy_and_iterators@?$basic_string@_SU?$char_traits@_S@std@@V?$allocator@_S@2@@std@@AEAAXAEAV12@@Z 0000000180002ec0 f i cppsharedlib_api.obj
 0001:00001ed0       ?_Swap_proxy_and_iterators@_Container_base0@std@@QEAAXAEAU12@@Z 0000000180002ed0 f i cppsharedlib_api.obj
 0001:00001ee0       ?_Take_contents@?$basic_string@_SU?$char_traits@_S@std@@V?$allocator@_S@2@@std@@AEAAXAEAV12@@Z 0000000180002ee0 f i cppsharedlib_api.obj
 0001:00001f00       ?_Throw_bad_array_new_length@std@@YAXXZ 0000000180002f00 f i cppsharedlib_api.obj
 0001:00001f20       ?_Tidy@?$vector@V?$basic_string@_SU?$char_traits@_S@std@@V?$allocator@_S@2@@std@@V?$allocator@V?$basic_string@_SU?$char_traits@_S@std@@V?$allocator@_S@2@@std@@@2@@std@@AEAAXXZ 0000000180002f20 f i cppsharedlib_api.obj
 0001:00001fb0       ?_Tidy_deallocate@?$basic_string@DU?$char_traits@D@std@@V?$allocator@D@2@@std@@AEAAXXZ 0000000180002fb0 f i cppsharedlib_api.obj
 0001:00002010       ?_Tidy_deallocate@?$basic_string@_SU?$char_traits@_S@std@@V?$allocator@_S@2@@std@@AEAAXXZ 0000000180003010 f i cppsharedlib_api.obj
 0001:00002080       ?_Tidy_init@?$basic_string@_SU?$char_traits@_S@std@@V?$allocator@_S@2@@std@@AEAAXXZ 0000000180003080 f i cppsharedlib_api.obj
 0001:000020a0       ?_Xlen_string@std@@YAXXZ   00000001800030a0 f i cppsharedlib_api.obj
 0001:000020c0       ?_Xlength@?$vector@V?$basic_string@_SU?$char_traits@_S@std@@V?$allocator@_S@2@@std@@V?$allocator@V?$basic_string@_SU?$char_traits@_S@std@@V?$allocator@_S@2@@std@@@2@@std@@CAXXZ 00000001800030c0 f i cppsharedlib_api.obj
 0001:00002120       ?allocate@?$allocator@D@std@@QEAAPEAD_K@Z 0000000180003120 f i cppsharedlib_api.obj
 0001:00002180       ?allocate@?$allocator@V?$basic_string@_SU?$char_traits@_S@std@@V?$allocator@_S@2@@std@@@std@@QEAAPEAV?$basic_string@_SU?$char_traits@_S@std@@V?$allocator@_S@2@@2@_K@Z 0000000180003180 f i cppsharedlib_api.obj
 0001:000021f0       ?allocate@?$allocator@_S@std@@QEAAPEA_S_K@Z 00000001800031f0 f i cppsharedlib_api.obj
 0001:00002260       ?append@?$basic_string@DU?$char_traits@D@std@@V?$allocator@D@2@@std@@QEAAAEAV12@QEBD@Z 0000000180003260 f i cppsharedlib_api.obj
 0001:00002280       ?append@?$basic_string@DU?$char_traits@D@std@@V?$allocator@D@2@@std@@QEAAAEAV12@QEBD_K@Z 0000000180003280 f i cppsharedlib_api.obj
 0001:00002310       ?assign@?$_Narrow_char_traits@DH@std@@SAXAEADAEBD@Z 0000000180003310 f i cppsharedlib_api.obj
 0001:00002320       ?assign@?$_WChar_traits@_S@std@@SAXAEA_SAEB_S@Z 0000000180003320 f i cppsharedlib_api.obj
 0001:00002330       ?c_str@?$basic_string@DU?$char_traits@D@std@@V?$allocator@D@2@@std@@QEBAPEBDXZ 0000000180003330 f i cppsharedlib_api.obj
 0001:00002340       ?c_str@?$basic_string@_SU?$char_traits@_S@std@@V?$allocator@_S@2@@std@@QEBAPEB_SXZ 0000000180003340 f i cppsharedlib_api.obj
 0001:00002350       ?compare@?$_Char_traits@_SG@std@@SAHPEB_S0_K@Z 0000000180003350 f i cppsharedlib_api.obj
 0001:00002390       ?compare@?$_WChar_traits@_S@std@@SAHQEB_S0_K@Z 0000000180003390 f i cppsharedlib_api.obj
 0001:000023d0       ?copy@?$_Char_traits@DH@std@@SAPEADQEADQEBD_K@Z 00000001800033d0 f i cppsharedlib_api.obj
 0001:000023f0       ?copy@?$_Char_traits@_SG@std@@SAPEA_SQEA_SQEB_S_K@Z 00000001800033f0 f i cppsharedlib_api.obj
 0001:00002410       ?deallocate@?$allocator@D@std@@QEAAXQEAD_K@Z 0000000180003410 f i cppsharedlib_api.obj
 0001:00002450       ?deallocate@?$allocator@V?$basic_string@_SU?$char_traits@_S@std@@V?$allocator@_S@2@@std@@@std@@QEAAXQEAV?$basic_string@_SU?$char_traits@_S@std@@V?$allocator@_S@2@@2@_K@Z 0000000180003450 f i cppsharedlib_api.obj
 0001:000024a0       ?deallocate@?$allocator@_S@std@@QEAAXQEA_S_K@Z 00000001800034a0 f i cppsharedlib_api.obj
 0001:000027c0       ?eof@?$_Narrow_char_traits@DH@std@@SAHXZ 00000001800037c0 f i cppsharedlib_api.obj
 0001:000027d0       ?eq_int_type@?$_Narrow_char_traits@DH@std@@SA_NAEBH0@Z 00000001800037d0 f i cppsharedlib_api.obj
 0001:000030b0       ?length@?$_Char_traits@_SG@std@@SA_KPEB_S@Z 00000001800040b0 f i cppsharedlib_api.obj
 0001:000030d0       ?length@?$_Narrow_char_traits@DH@std@@SA_KQEBD@Z 00000001800040d0 f i cppsharedlib_api.obj
 0001:000030f0       ?length@?$_WChar_traits@_S@std@@SA_KPEB_S@Z 00000001800040f0 f i cppsharedlib_api.obj
 0001:00003110       ?libengine_init_library@@YAXXZ 0000000180004110 f   cppsharedlib_api.obj
 0001:000033b0       ?load_library@@YAPEAXPEBD@Z 00000001800043b0 f   cppsharedlib_api.obj
 0001:00003420       ?max@?$numeric_limits@_J@std@@SA_JXZ 0000000180004420 f i cppsharedlib_api.obj
 0001:00003430       ?max_size@?$_Default_allocator_traits@V?$allocator@D@std@@@std@@SA_KAEBV?$allocator@D@2@@Z 0000000180004430 f i cppsharedlib_api.obj
 0001:00003440       ?max_size@?$_Default_allocator_traits@V?$allocator@V?$basic_string@_SU?$char_traits@_S@std@@V?$allocator@_S@2@@std@@@std@@@std@@SA_KAEBV?$allocator@V?$basic_string@_SU?$char_traits@_S@std@@V?$allocator@_S@2@@std@@@2@@Z 0000000180004440 f i cppsharedlib_api.obj
 0001:00003450       ?max_size@?$_Default_allocator_traits@V?$allocator@_S@std@@@std@@SA_KAEBV?$allocator@_S@2@@Z 0000000180004450 f i cppsharedlib_api.obj
 0001:00003460       ?max_size@?$basic_string@DU?$char_traits@D@std@@V?$allocator@D@2@@std@@QEBA_KXZ 0000000180004460 f i cppsharedlib_api.obj
 0001:00003470       ?max_size@?$basic_string@_SU?$char_traits@_S@std@@V?$allocator@_S@2@@std@@QEBA_KXZ 0000000180004470 f i cppsharedlib_api.obj
 0001:00003480       ?max_size@?$vector@V?$basic_string@_SU?$char_traits@_S@std@@V?$allocator@_S@2@@std@@V?$allocator@V?$basic_string@_SU?$char_traits@_S@std@@V?$allocator@_S@2@@std@@@2@@std@@QEBA_KXZ 0000000180004480 f i cppsharedlib_api.obj
 0001:00003490       ?move@?$_Char_traits@DH@std@@SAPEADQEADQEBD_K@Z 0000000180004490 f i cppsharedlib_api.obj
 0001:000034b0       ?what@exception@std@@UEBAPEBDXZ 00000001800044b0 f i cppsharedlib_api.obj
 0001:000034d0       DllMain                    00000001800044d0 f   cppsharedlib_api.obj
 0001:00003970       cppsharedlib_cancel_feval_with_completion 0000000180004970 f   cppsharedlib_api.obj
 0001:00003980       cppsharedlib_destroy_handles 0000000180004980 f   cppsharedlib_api.obj
 0001:00003990       cppsharedlib_destroy_task_handle 0000000180004990 f   cppsharedlib_api.obj
 0001:000039a0       cppsharedlib_feval_with_completion 00000001800049a0 f   cppsharedlib_api.obj
 0001:00003ae0       cppsharedlib_feval_with_completion_nothrow 0000000180004ae0 f   cppsharedlib_api.obj
 0001:00003b70       cppsharedlib_get_stackframe_file 0000000180004b70 f   cppsharedlib_api.obj
 0001:00003b80       cppsharedlib_get_stackframe_func 0000000180004b80 f   cppsharedlib_api.obj
 0001:00003b90       cppsharedlib_get_stackframe_line 0000000180004b90 f   cppsharedlib_api.obj
 0001:00003ba0       cppsharedlib_get_stacktrace_message 0000000180004ba0 f   cppsharedlib_api.obj
 0001:00003bb0       cppsharedlib_get_stacktrace_number 0000000180004bb0 f   cppsharedlib_api.obj
 0001:00003bc0       cppsharedlib_run_main      0000000180004bc0 f   cppsharedlib_api.obj
 0001:00003bd0       create_mvm_instance        0000000180004bd0 f   cppsharedlib_api.obj
 0001:00003d50       create_mvm_instance_async  0000000180004d50 f   cppsharedlib_api.obj
 0001:00003eb0       create_mvm_instance_async_nothrow 0000000180004eb0 f   cppsharedlib_api.obj
 0001:00003ed0       create_mvm_instance_nothrow 0000000180004ed0 f   cppsharedlib_api.obj
 0001:00004040       runtime_create_session     0000000180005040 f   cppsharedlib_api.obj
 0001:000040d0       runtime_create_session_nothrow 00000001800050d0 f   cppsharedlib_api.obj
 0001:000040f0       runtime_terminate_session  00000001800050f0 f   cppsharedlib_api.obj
 0001:00004100       runtime_terminate_session_nothrow 0000000180005100 f   cppsharedlib_api.obj
 0001:00004120       terminate_mvm_instance     0000000180005120 f   cppsharedlib_api.obj
 0001:00004130       terminate_mvm_instance_nothrow 0000000180005130 f   cppsharedlib_api.obj
 0001:00004150       wait_for_figures_to_close  0000000180005150 f   cppsharedlib_api.obj
 0001:00004160       wait_for_figures_to_close_nothrow 0000000180005160 f   cppsharedlib_api.obj
 0001:00004180       wmemcpy                    0000000180005180 f i cppsharedlib_api.obj
 0001:00004190       ??$?0AEBV?$allocator@_W@std@@$$V@?$_Compressed_pair@V?$allocator@_W@std@@V?$_String_val@U?$_Simple_types@_W@std@@@2@$00@std@@QEAA@U_One_then_variadic_args_t@1@AEBV?$allocator@_W@1@@Z 0000000180005190 f i cppsharedlib_interface_util.obj
 0001:000041b0       ??$?0AEBV?$allocator@_W@std@@$$V@?$_Compressed_pair@V?$allocator@_W@std@@V?$_Vector_val@U?$_Simple_types@_W@std@@@2@$00@std@@QEAA@U_One_then_variadic_args_t@1@AEBV?$allocator@_W@1@@Z 00000001800051b0 f i cppsharedlib_interface_util.obj
 0001:000041d0       ??$?0V?$_String_iterator@V?$_String_val@U?$_Simple_types@_S@std@@@std@@@std@@$0A@@?$basic_string@_WU?$char_traits@_W@std@@V?$allocator@_W@2@@std@@QEAA@V?$_String_iterator@V?$_String_val@U?$_Simple_types@_S@std@@@std@@@1@0AEBV?$allocator@_W@1@@Z 00000001800051d0 f i cppsharedlib_interface_util.obj
 0001:000042d0       ??$?8DU?$char_traits@D@std@@V?$allocator@D@1@@std@@YA_NAEBV?$basic_string@DU?$char_traits@D@std@@V?$allocator@D@2@@0@QEBD@Z 00000001800052d0 f i cppsharedlib_interface_util.obj
 0001:00004320       ??$_Adl_verify_range@V?$_String_iterator@V?$_String_val@U?$_Simple_types@_S@std@@@std@@@std@@V12@@std@@YAXAEBV?$_String_iterator@V?$_String_val@U?$_Simple_types@_S@std@@@std@@@0@0@Z 0000000180005320 f i cppsharedlib_interface_util.obj
 0001:00004330       ??$_Construct_from_iter@PEA_SPEA_S_K@?$basic_string@_WU?$char_traits@_W@std@@V?$allocator@_W@2@@std@@AEAAXPEA_SQEA_S_K@Z 0000000180005330 f i cppsharedlib_interface_util.obj
 0001:00004410       ??$_Construct_in_place@PEA_WAEBQEA_W@std@@YAXAEAPEA_WAEBQEA_W@Z 0000000180005410 f i cppsharedlib_interface_util.obj
 0001:00004420       ??$_Construct_n@AEB_W@?$vector@_WV?$allocator@_W@std@@@std@@AEAAX_KAEB_W@Z 0000000180005420 f i cppsharedlib_interface_util.obj
 0001:000044d0       ??$_Destroy_in_place@PEA_W@std@@YAXAEAPEA_W@Z 00000001800054d0 f i cppsharedlib_interface_util.obj
 0001:000044e0       ??$_Destroy_range@V?$allocator@_W@std@@@std@@YAXPEA_WQEA_WAEAV?$allocator@_W@0@@Z 00000001800054e0 f i cppsharedlib_interface_util.obj
 0001:000044f0       ??$_Emplace_back@AEB_W@?$_Uninitialized_backout_al@V?$allocator@_W@std@@@std@@QEAAXAEB_W@Z 00000001800054f0 f i cppsharedlib_interface_util.obj
 0001:00004510       ??$_Fill_zero_memset@PEA_W@std@@YAXPEA_W_K@Z 0000000180005510 f i cppsharedlib_interface_util.obj
 0001:00004520       ??$_Get_unwrapped@AEAV?$_String_iterator@V?$_String_val@U?$_Simple_types@_S@std@@@std@@@std@@@std@@YA?A_TAEAV?$_String_iterator@V?$_String_val@U?$_Simple_types@_S@std@@@std@@@0@@Z 0000000180005520 f i cppsharedlib_interface_util.obj
 0001:00004530       ??$_Is_all_bits_zero@_W@std@@YA_NAEB_W@Z 0000000180005530 f i cppsharedlib_interface_util.obj
 0001:00004540       ??$_Reallocate_grow_by@V<lambda_1>@?1??append@?$basic_string@DU?$char_traits@D@std@@V?$allocator@D@2@@std@@QEAAAEAV34@_KD@Z@_KD@?$basic_string@DU?$char_traits@D@std@@V?$allocator@D@2@@std@@AEAAAEAV01@_KV<lambda_1>@?1??append@01@QEAAAEAV01@0D@Z@_KD@Z 0000000180005540 f i cppsharedlib_interface_util.obj
 0001:000046d0       ??$_Refancy@PEA_S$0A@@std@@YAPEA_SPEA_S@Z 00000001800056d0 f i cppsharedlib_interface_util.obj
 0001:000046e0       ??$_To_address@PEA_W@std@@YA?A_PAEBQEA_W@Z 00000001800056e0 f i cppsharedlib_interface_util.obj
 0001:000046f0       ??$_Traits_equal@U?$char_traits@D@std@@@std@@YA_NQEBD_K01@Z 00000001800056f0 f i cppsharedlib_interface_util.obj
 0001:00004720       ??$_Unfancy@$$CB_S@std@@YAPEB_SPEB_S@Z 0000000180005720 f i cppsharedlib_interface_util.obj
 0001:00004730       ??$_Unfancy@_W@std@@YAPEA_WPEA_W@Z 0000000180005730 f i cppsharedlib_interface_util.obj
 0001:00004740       ??$_Unfancy_maybe_null@_W@std@@YAPEA_WPEA_W@Z 0000000180005740 f i cppsharedlib_interface_util.obj
 0001:00004750       ??$_Uninitialized_fill_n@V?$allocator@_W@std@@@std@@YAPEA_WPEA_W_KAEB_WAEAV?$allocator@_W@0@@Z 0000000180005750 f i cppsharedlib_interface_util.obj
 0001:000047b0       ??$_Voidify_iter@PEAPEA_W@std@@YAPEAXPEAPEA_W@Z 00000001800057b0 f i cppsharedlib_interface_util.obj
 0001:000047c0       ??$_Voidify_iter@PEA_W@std@@YAPEAXPEA_W@Z 00000001800057c0 f i cppsharedlib_interface_util.obj
 0001:000047d0       ??$addressof@PEA_W@std@@YAPEAPEA_WAEAPEA_W@Z 00000001800057d0 f i cppsharedlib_interface_util.obj
 0001:000047e0       ??$construct@_WAEB_W@?$_Default_allocator_traits@V?$allocator@_W@std@@@std@@SAXAEAV?$allocator@_W@1@QEA_WAEB_W@Z 00000001800057e0 f i cppsharedlib_interface_util.obj
 0001:000047f0       ??$distance@PEA_S@std@@YA_JPEA_S0@Z 00000001800057f0 f i cppsharedlib_interface_util.obj
 0001:00004800       ??$forward@AEBQEA_W@std@@YAAEBQEA_WAEBQEA_W@Z 0000000180005800 f i cppsharedlib_interface_util.obj
 0001:00004810       ??$forward@AEBV?$allocator@_W@std@@@std@@YAAEBV?$allocator@_W@0@AEBV10@@Z 0000000180005810 f i cppsharedlib_interface_util.obj
 0001:00004820       ??$forward@AEB_W@std@@YAAEB_WAEB_W@Z 0000000180005820 f i cppsharedlib_interface_util.obj
 0001:00004830       ??$move@AEAPEA_S@std@@YA$$QEAPEA_SAEAPEA_S@Z 0000000180005830 f i cppsharedlib_interface_util.obj
 0001:00004840       ??0?$_String_const_iterator@V?$_String_val@U?$_Simple_types@_S@std@@@std@@@std@@QEAA@PEB_SPEBU_Container_base0@1@@Z 0000000180005840 f i cppsharedlib_interface_util.obj
 0001:00004850       ??0?$_String_iterator@V?$_String_val@U?$_Simple_types@_S@std@@@std@@@std@@QEAA@PEB_SPEBU_Container_base0@1@@Z 0000000180005850 f i cppsharedlib_interface_util.obj
 0001:00004860       ??0?$_String_val@U?$_Simple_types@_W@std@@@std@@QEAA@XZ 0000000180005860 f i cppsharedlib_interface_util.obj
 0001:00004880       ??0?$_Uninitialized_backout_al@V?$allocator@_W@std@@@std@@QEAA@PEA_WAEAV?$allocator@_W@1@@Z 0000000180005880 f i cppsharedlib_interface_util.obj
 0001:00004890       ??0?$_Vector_val@U?$_Simple_types@_W@std@@@std@@QEAA@XZ 0000000180005890 f i cppsharedlib_interface_util.obj
 0001:000048b0       ??0?$allocator@_W@std@@QEAA@XZ 00000001800058b0 f i cppsharedlib_interface_util.obj
 0001:000048c0       ??0?$basic_string@DU?$char_traits@D@std@@V?$allocator@D@2@@std@@QEAA@XZ 00000001800058c0 f i cppsharedlib_interface_util.obj
 0001:000048e0       ??0?$vector@_WV?$allocator@_W@std@@@std@@QEAA@_KAEB_WAEBV?$allocator@_W@1@@Z 00000001800058e0 f i cppsharedlib_interface_util.obj
 0001:000049a0       ??0_Bxty@?$_String_val@U?$_Simple_types@_W@std@@@std@@QEAA@XZ 00000001800059a0 f i cppsharedlib_interface_util.obj
 0001:000049b0       ??1?$_Compressed_pair@V?$allocator@_W@std@@V?$_String_val@U?$_Simple_types@_W@std@@@2@$00@std@@QEAA@XZ 00000001800059b0 f i cppsharedlib_interface_util.obj
 0001:000049c0       ??1?$_String_val@U?$_Simple_types@_W@std@@@std@@QEAA@XZ 00000001800059c0 f i cppsharedlib_interface_util.obj
 0001:000049d0       ??1?$_Tidy_deallocate_guard@V?$basic_string@_WU?$char_traits@_W@std@@V?$allocator@_W@2@@std@@@std@@QEAA@XZ 00000001800059d0 f i cppsharedlib_interface_util.obj
 0001:000049e0       ??1?$_Tidy_guard@V?$vector@_WV?$allocator@_W@std@@@std@@@std@@QEAA@XZ 00000001800059e0 f i cppsharedlib_interface_util.obj
 0001:000049f0       ??1?$_Uninitialized_backout_al@V?$allocator@_W@std@@@std@@QEAA@XZ 00000001800059f0 f i cppsharedlib_interface_util.obj
 0001:00004a00       ??1?$basic_string@_WU?$char_traits@_W@std@@V?$allocator@_W@2@@std@@QEAA@XZ 0000000180005a00 f i cppsharedlib_interface_util.obj
 0001:00004a10       ??1?$vector@_WV?$allocator@_W@std@@@std@@QEAA@XZ 0000000180005a10 f i cppsharedlib_interface_util.obj
 0001:00004a20       ??1_Bxty@?$_String_val@U?$_Simple_types@_W@std@@@std@@QEAA@XZ 0000000180005a20 f i cppsharedlib_interface_util.obj
 0001:00004a30       ??A?$vector@_WV?$allocator@_W@std@@@std@@QEAAAEA_W_K@Z 0000000180005a30 f i cppsharedlib_interface_util.obj
 0001:00004a40       ??R<lambda_1>@?1??append@?$basic_string@DU?$char_traits@D@std@@V?$allocator@D@2@@std@@QEAAAEAV23@_KD@Z@QEBA@QEADQEBD00D@Z 0000000180005a40 f i cppsharedlib_interface_util.obj
 0001:00004a90       ?_Activate_SSO_buffer@?$_String_val@U?$_Simple_types@_W@std@@@std@@QEAAXXZ 0000000180005a90 f i cppsharedlib_interface_util.obj
 0001:00004aa0       ?_Adopt@_Iterator_base0@std@@QEAAXPEBX@Z 0000000180005aa0 f i cppsharedlib_interface_util.obj
 0001:00004ab0       ?_Buy_nonzero@?$vector@_WV?$allocator@_W@std@@@std@@AEAAX_K@Z 0000000180005ab0 f i cppsharedlib_interface_util.obj
 0001:00004b00       ?_Buy_raw@?$vector@_WV?$allocator@_W@std@@@std@@AEAAX_K@Z 0000000180005b00 f i cppsharedlib_interface_util.obj
 0001:00004b30       ?_Calculate_growth@?$basic_string@_WU?$char_traits@_W@std@@V?$allocator@_W@2@@std@@AEBA_K_K@Z 0000000180005b30 f i cppsharedlib_interface_util.obj
 0001:00004b70       ?_Calculate_growth@?$basic_string@_WU?$char_traits@_W@std@@V?$allocator@_W@2@@std@@CA_K_K00@Z 0000000180005b70 f i cppsharedlib_interface_util.obj
 0001:00004ba0       ?_Eos@?$basic_string@DU?$char_traits@D@std@@V?$allocator@D@2@@std@@AEAAX_K@Z 0000000180005ba0 f i cppsharedlib_interface_util.obj
 0001:00004bc0       ?_Equal@?$basic_string@DU?$char_traits@D@std@@V?$allocator@D@2@@std@@QEBA_NQEBD@Z 0000000180005bc0 f i cppsharedlib_interface_util.obj
 0001:00004c10       ?_Get_first@?$_Compressed_pair@V?$allocator@_W@std@@V?$_String_val@U?$_Simple_types@_W@std@@@2@$00@std@@QEAAAEAV?$allocator@_W@2@XZ 0000000180005c10 f i cppsharedlib_interface_util.obj
 0001:00004c20       ?_Get_first@?$_Compressed_pair@V?$allocator@_W@std@@V?$_String_val@U?$_Simple_types@_W@std@@@2@$00@std@@QEBAAEBV?$allocator@_W@2@XZ 0000000180005c20 f i cppsharedlib_interface_util.obj
 0001:00004c30       ?_Get_first@?$_Compressed_pair@V?$allocator@_W@std@@V?$_Vector_val@U?$_Simple_types@_W@std@@@2@$00@std@@QEAAAEAV?$allocator@_W@2@XZ 0000000180005c30 f i cppsharedlib_interface_util.obj
 0001:00004c40       ?_Get_first@?$_Compressed_pair@V?$allocator@_W@std@@V?$_Vector_val@U?$_Simple_types@_W@std@@@2@$00@std@@QEBAAEBV?$allocator@_W@2@XZ 0000000180005c40 f i cppsharedlib_interface_util.obj
 0001:00004c50       ?_Getal@?$basic_string@_WU?$char_traits@_W@std@@V?$allocator@_W@2@@std@@AEAAAEAV?$allocator@_W@2@XZ 0000000180005c50 f i cppsharedlib_interface_util.obj
 0001:00004c60       ?_Getal@?$basic_string@_WU?$char_traits@_W@std@@V?$allocator@_W@2@@std@@AEBAAEBV?$allocator@_W@2@XZ 0000000180005c60 f i cppsharedlib_interface_util.obj
 0001:00004c70       ?_Getal@?$vector@_WV?$allocator@_W@std@@@std@@AEAAAEAV?$allocator@_W@2@XZ 0000000180005c70 f i cppsharedlib_interface_util.obj
 0001:00004c80       ?_Getal@?$vector@_WV?$allocator@_W@std@@@std@@AEBAAEBV?$allocator@_W@2@XZ 0000000180005c80 f i cppsharedlib_interface_util.obj
 0001:00004c90       ?_Large_string_engaged@?$_String_val@U?$_Simple_types@_W@std@@@std@@QEBA_NXZ 0000000180005c90 f i cppsharedlib_interface_util.obj
 0001:00004ca0       ?_Myptr@?$_String_val@U?$_Simple_types@_S@std@@@std@@QEAAPEA_SXZ 0000000180005ca0 f i cppsharedlib_interface_util.obj
 0001:00004cb0       ?_Myptr@?$_String_val@U?$_Simple_types@_W@std@@@std@@QEAAPEA_WXZ 0000000180005cb0 f i cppsharedlib_interface_util.obj
 0001:00004cc0       ?_Myptr@?$_String_val@U?$_Simple_types@_W@std@@@std@@QEBAPEB_WXZ 0000000180005cc0 f i cppsharedlib_interface_util.obj
 0001:00004cd0       ?_Release@?$_Uninitialized_backout_al@V?$allocator@_W@std@@@std@@QEAAPEA_WXZ 0000000180005cd0 f i cppsharedlib_interface_util.obj
 0001:00004ce0       ?_Start_element_lifetimes@?$basic_string@_WU?$char_traits@_W@std@@V?$allocator@_W@2@@std@@CAXQEA_W_K@Z 0000000180005ce0 f i cppsharedlib_interface_util.obj
 0001:00004cf0       ?_Tidy@?$vector@_WV?$allocator@_W@std@@@std@@AEAAXXZ 0000000180005cf0 f i cppsharedlib_interface_util.obj
 0001:00004d50       ?_Tidy_deallocate@?$basic_string@_WU?$char_traits@_W@std@@V?$allocator@_W@2@@std@@AEAAXXZ 0000000180005d50 f i cppsharedlib_interface_util.obj
 0001:00004dc0       ?_Tidy_init@?$basic_string@DU?$char_traits@D@std@@V?$allocator@D@2@@std@@AEAAXXZ 0000000180005dc0 f i cppsharedlib_interface_util.obj
 0001:00004de0       ?_Tidy_init@?$basic_string@_WU?$char_traits@_W@std@@V?$allocator@_W@2@@std@@AEAAXXZ 0000000180005de0 f i cppsharedlib_interface_util.obj
 0001:00004e00       ?_Unwrapped@?$_String_iterator@V?$_String_val@U?$_Simple_types@_S@std@@@std@@@std@@QEBAPEA_SXZ 0000000180005e00 f i cppsharedlib_interface_util.obj
 0001:00004e10       ?_Xlength@?$vector@_WV?$allocator@_W@std@@@std@@CAXXZ 0000000180005e10 f i cppsharedlib_interface_util.obj
 0001:00004e30       ?allocate@?$allocator@_W@std@@QEAAPEA_W_K@Z 0000000180005e30 f i cppsharedlib_interface_util.obj
 0001:00004ea0       ?append@?$basic_string@DU?$char_traits@D@std@@V?$allocator@D@2@@std@@QEAAAEAV12@_KD@Z 0000000180005ea0 f i cppsharedlib_interface_util.obj
 0001:00004f30       ?assign@?$_Narrow_char_traits@DH@std@@SAPEADQEAD_KD@Z 0000000180005f30 f i cppsharedlib_interface_util.obj
 0001:00004f40       ?assign@?$_WChar_traits@_W@std@@SAXAEA_WAEB_W@Z 0000000180005f40 f i cppsharedlib_interface_util.obj
 0001:00004f50       ?begin@?$basic_string@_SU?$char_traits@_S@std@@V?$allocator@_S@2@@std@@QEAA?AV?$_String_iterator@V?$_String_val@U?$_Simple_types@_S@std@@@std@@@2@XZ 0000000180005f50 f i cppsharedlib_interface_util.obj
 0001:00004f70       ?c_str@?$basic_string@_WU?$char_traits@_W@std@@V?$allocator@_W@2@@std@@QEBAPEB_WXZ 0000000180005f70 f i cppsharedlib_interface_util.obj
 0001:00004f80       ?compare@?$_Narrow_char_traits@DH@std@@SAHQEBD0_K@Z 0000000180005f80 f i cppsharedlib_interface_util.obj
 0001:00004f90       ?data@?$basic_string@DU?$char_traits@D@std@@V?$allocator@D@2@@std@@QEAAPEADXZ 0000000180005f90 f i cppsharedlib_interface_util.obj
 0001:00004fa0       ?data@?$vector@_WV?$allocator@_W@std@@@std@@QEAAPEA_WXZ 0000000180005fa0 f i cppsharedlib_interface_util.obj
 0001:00004fb0       ?deallocate@?$allocator@_W@std@@QEAAXQEA_W_K@Z 0000000180005fb0 f i cppsharedlib_interface_util.obj
 0001:00005000       ?end@?$basic_string@_SU?$char_traits@_S@std@@V?$allocator@_S@2@@std@@QEAA?AV?$_String_iterator@V?$_String_val@U?$_Simple_types@_S@std@@@std@@@2@XZ 0000000180006000 f i cppsharedlib_interface_util.obj
 0001:00005020       ?length@?$basic_string@DU?$char_traits@D@std@@V?$allocator@D@2@@std@@QEBA_KXZ 0000000180006020 f i cppsharedlib_interface_util.obj
 0001:00005030       ?max_size@?$_Default_allocator_traits@V?$allocator@_W@std@@@std@@SA_KAEBV?$allocator@_W@2@@Z 0000000180006030 f i cppsharedlib_interface_util.obj
 0001:00005040       ?max_size@?$basic_string@_WU?$char_traits@_W@std@@V?$allocator@_W@2@@std@@QEBA_KXZ 0000000180006040 f i cppsharedlib_interface_util.obj
 0001:00005050       ?max_size@?$vector@_WV?$allocator@_W@std@@@std@@QEBA_KXZ 0000000180006050 f i cppsharedlib_interface_util.obj
 0001:00005060       ?resize@?$basic_string@DU?$char_traits@D@std@@V?$allocator@D@2@@std@@QEAAX_KD@Z 0000000180006060 f i cppsharedlib_interface_util.obj
 0001:00005100       ?size@?$basic_string@DU?$char_traits@D@std@@V?$allocator@D@2@@std@@QEBA_KXZ 0000000180006100 f i cppsharedlib_interface_util.obj
 0001:00005110       util_destroy_utf16         0000000180006110 f   cppsharedlib_interface_util.obj
 0001:00005120       util_destroy_utf8          0000000180006120 f   cppsharedlib_interface_util.obj
 0001:00005130       util_utf16_to_utf8         0000000180006130 f   cppsharedlib_interface_util.obj
 0001:000056c0       util_utf8_to_utf16         00000001800066c0 f   cppsharedlib_interface_util.obj
 0001:000058f1       GetLastError               00000001800068f1 f   kernel32:KERNEL32.dll
 0001:000058f7       GetModuleFileNameA         00000001800068f7 f   kernel32:KERNEL32.dll
 0001:000058fd       GetProcAddress             00000001800068fd f   kernel32:KERNEL32.dll
 0001:00005903       LoadLibraryA               0000000180006903 f   kernel32:KERNEL32.dll
 0001:00005909       LocalFree                  0000000180006909 f   kernel32:KERNEL32.dll
 0001:0000590f       FormatMessageA             000000018000690f f   kernel32:KERNEL32.dll
 0001:00005915       SetDllDirectoryA           0000000180006915 f   kernel32:KERNEL32.dll
 0001:0000591b       MultiByteToWideChar        000000018000691b f   kernel32:KERNEL32.dll
 0001:00005921       WideCharToMultiByte        0000000180006921 f   kernel32:KERNEL32.dll
 0001:00005927       ?_Xbad_alloc@std@@YAXXZ    0000000180006927 f   msvcprt:MSVCP140.dll
 0001:0000592d       ?_Xlength_error@std@@YAXPEBD@Z 000000018000692d f   msvcprt:MSVCP140.dll
 0001:00005933       ?uncaught_exception@std@@YA_NXZ 0000000180006933 f   msvcprt:MSVCP140.dll
 0001:00005939       _Mbrtowc                   0000000180006939 f   msvcprt:MSVCP140.dll
 0001:0000593f       ?_Getcvt@_Locinfo@std@@QEBA?AU_Cvtvec@@XZ 000000018000693f f   msvcprt:MSVCP140.dll
 0001:00005945       ?_W_Getdays@_Locinfo@std@@QEBAPEBGXZ 0000000180006945 f   msvcprt:MSVCP140.dll
 0001:0000594b       ?_W_Getmonths@_Locinfo@std@@QEBAPEBGXZ 000000018000694b f   msvcprt:MSVCP140.dll
 0001:00005951       ?good@ios_base@std@@QEBA_NXZ 0000000180006951 f   msvcprt:MSVCP140.dll
 0001:00005957       ?flags@ios_base@std@@QEBAHXZ 0000000180006957 f   msvcprt:MSVCP140.dll
 0001:0000595d       ?width@ios_base@std@@QEBA_JXZ 000000018000695d f   msvcprt:MSVCP140.dll
 0001:00005963       ?width@ios_base@std@@QEAA_J_J@Z 0000000180006963 f   msvcprt:MSVCP140.dll
 0001:00005969       ?sputc@?$basic_streambuf@DU?$char_traits@D@std@@@std@@QEAAHD@Z 0000000180006969 f   msvcprt:MSVCP140.dll
 0001:0000596f       ?sputn@?$basic_streambuf@DU?$char_traits@D@std@@@std@@QEAA_JPEBD_J@Z 000000018000696f f   msvcprt:MSVCP140.dll
 0001:00005975       ?setstate@?$basic_ios@DU?$char_traits@D@std@@@std@@QEAAXH_N@Z 0000000180006975 f   msvcprt:MSVCP140.dll
 0001:0000597b       ?tie@?$basic_ios@DU?$char_traits@D@std@@@std@@QEBAPEAV?$basic_ostream@DU?$char_traits@D@std@@@2@XZ 000000018000697b f   msvcprt:MSVCP140.dll
 0001:00005981       ?rdbuf@?$basic_ios@DU?$char_traits@D@std@@@std@@QEBAPEAV?$basic_streambuf@DU?$char_traits@D@std@@@2@XZ 0000000180006981 f   msvcprt:MSVCP140.dll
 0001:00005987       ?fill@?$basic_ios@DU?$char_traits@D@std@@@std@@QEBADXZ 0000000180006987 f   msvcprt:MSVCP140.dll
 0001:0000598d       ?widen@?$basic_ios@DU?$char_traits@D@std@@@std@@QEBADD@Z 000000018000698d f   msvcprt:MSVCP140.dll
 0001:00005993       ?_Osfx@?$basic_ostream@DU?$char_traits@D@std@@@std@@QEAAXXZ 0000000180006993 f   msvcprt:MSVCP140.dll
 0001:00005999       ??6?$basic_ostream@DU?$char_traits@D@std@@@std@@QEAAAEAV01@P6AAEAV01@AEAV01@@Z@Z 0000000180006999 f   msvcprt:MSVCP140.dll
 0001:0000599f       ?put@?$basic_ostream@DU?$char_traits@D@std@@@std@@QEAAAEAV12@D@Z 000000018000699f f   msvcprt:MSVCP140.dll
 0001:000059a5       ?flush@?$basic_ostream@DU?$char_traits@D@std@@@std@@QEAAAEAV12@XZ 00000001800069a5 f   msvcprt:MSVCP140.dll
 0001:000059b0       __std_init_once_begin_initialize_clr 00000001800069b0 f   msvcprt:xonce2.obj
 0001:000059b8       __std_init_once_complete_clr 00000001800069b8 f   msvcprt:xonce2.obj
 0001:000059c0       __std_init_once_link_alternate_names_and_abort 00000001800069c0 f   msvcprt:xonce2.obj
 0001:000059cc       ??2@YAPEAX_K@Z             00000001800069cc f   MSVCRT:new_scalar.obj
 0001:00005a08       ??3@YAXPEAX_K@Z            0000000180006a08 f   MSVCRT:delete_scalar_size.obj
 0001:00005a10       ?configure_argv@__scrt_narrow_argv_policy@@SAHXZ 0000000180006a10 f i MSVCRT:utility.obj
 0001:00005a70       ?initialize_environment@__scrt_narrow_environment_policy@@SAHXZ 0000000180006a70 f i MSVCRT:utility.obj
 0001:00005aa8       NtCurrentTeb               0000000180006aa8 f i MSVCRT:utility.obj
 0001:00005ab4       __scrt_acquire_startup_lock 0000000180006ab4 f   MSVCRT:utility.obj
 0001:00005af0       __scrt_dllmain_after_initialize_c 0000000180006af0 f   MSVCRT:utility.obj
 0001:00005b24       __scrt_dllmain_before_initialize_c 0000000180006b24 f   MSVCRT:utility.obj
 0001:00005b3c       __scrt_dllmain_crt_thread_attach 0000000180006b3c f   MSVCRT:utility.obj
 0001:00005b64       __scrt_dllmain_crt_thread_detach 0000000180006b64 f   MSVCRT:utility.obj
 0001:00005b7c       __scrt_dllmain_exception_filter 0000000180006b7c f   MSVCRT:utility.obj
 0001:00005bdc       __scrt_dllmain_uninitialize_c 0000000180006bdc f   MSVCRT:utility.obj
 0001:00005c0c       __scrt_dllmain_uninitialize_critical 0000000180006c0c f   MSVCRT:utility.obj
 0001:00005c20       __scrt_initialize_crt      0000000180006c20 f   MSVCRT:utility.obj
 0001:00005c6c       __scrt_initialize_onexit_tables 0000000180006c6c f   MSVCRT:utility.obj
 0001:00005cf8       __scrt_is_nonwritable_in_current_image 0000000180006cf8 f   MSVCRT:utility.obj
 0001:00005d90       __scrt_release_startup_lock 0000000180006d90 f   MSVCRT:utility.obj
 0001:00005db4       __scrt_uninitialize_crt    0000000180006db4 f   MSVCRT:utility.obj
 0001:00005de0       _onexit                    0000000180006de0 f   MSVCRT:utility.obj
 0001:00005e1c       at_quick_exit              0000000180006e1c f   MSVCRT:utility.obj
 0001:00005e3c       atexit                     0000000180006e3c f   MSVCRT:utility.obj
 0001:00005e70       __chkstk                   0000000180006e70 f   MSVCRT:chkstk.obj
 0001:00005e70       _alloca_probe              0000000180006e70 f   MSVCRT:chkstk.obj
 0001:00005ec0       ??1type_info@@UEAA@XZ      0000000180006ec0 f   MSVCRT:std_type_info_static.obj
 0001:00005ecc       ??_Etype_info@@UEAAPEAXI@Z 0000000180006ecc f i MSVCRT:std_type_info_static.obj
 0001:00005ecc       ??_Gtype_info@@UEAAPEAXI@Z 0000000180006ecc f i MSVCRT:std_type_info_static.obj
 0001:00006234       _CRT_INIT                  0000000180007234 f   MSVCRT:dll_dllmain.obj
 0001:0000623c       _DllMainCRTStartup         000000018000723c f   MSVCRT:dll_dllmain.obj
 0001:0000627c       ??0bad_alloc@std@@QEAA@XZ  000000018000727c f i MSVCRT:throw_bad_alloc.obj
 0001:0000629c       ?__scrt_throw_std_bad_alloc@@YAXXZ 000000018000729c f   MSVCRT:throw_bad_alloc.obj
 0001:000062bc       ?__scrt_throw_std_bad_array_new_length@@YAXXZ 00000001800072bc f   MSVCRT:throw_bad_alloc.obj
 0001:000062dc       ??3@YAXPEAX@Z              00000001800072dc f   MSVCRT:delete_scalar.obj
 0001:000062e4       __isa_available_init       00000001800072e4 f   MSVCRT:cpu_disp.obj
 0001:00006490       _get_startup_argv_mode     0000000180007490 f   MSVCRT:argv_mode.obj
 0001:00006498       __scrt_is_ucrt_dll_in_use  0000000180007498 f   MSVCRT:ucrt_detection.obj
 0001:000064a4       __crt_debugger_hook        00000001800074a4 f   MSVCRT:utility_desktop.obj
 0001:000064ac       __scrt_fastfail            00000001800074ac f   MSVCRT:utility_desktop.obj
 0001:000065f8       __scrt_get_show_window_mode 00000001800075f8 f   MSVCRT:utility_desktop.obj
 0001:00006634       __scrt_initialize_mta      0000000180007634 f   MSVCRT:utility_desktop.obj
 0001:0000663c       __scrt_initialize_winrt    000000018000763c f   MSVCRT:utility_desktop.obj
 0001:00006640       __scrt_is_managed_app      0000000180007640 f   MSVCRT:utility_desktop.obj
 0001:00006694       __scrt_set_unhandled_exception_filter 0000000180007694 f   MSVCRT:utility_desktop.obj
 0001:000066a4       __scrt_exe_initialize_mta  00000001800076a4 f   MSVCRT:utility_desktop.obj
 0001:000066a4       __scrt_stub_for_initialize_mta 00000001800076a4 f   MSVCRT:utility_desktop.obj
 0001:000066a8       __scrt_unhandled_exception_filter 00000001800076a8 f   MSVCRT:utility_desktop.obj
 0001:00006704       _guard_check_icall_nop     0000000180007704 f i MSVCRT:guard_support.obj
 0001:00006708       ReadNoFence64              0000000180007708 f i MSVCRT:guard_support.obj
 0001:0000670c       ReadPointerNoFence         000000018000770c f i MSVCRT:guard_support.obj
 0001:00006710       __castguard_check_failure_debugbreak 0000000180007710 f i MSVCRT:guard_support.obj
 0001:0000672c       __castguard_check_failure_fastfail 000000018000772c f i MSVCRT:guard_support.obj
 0001:00006750       __castguard_check_failure_nop 0000000180007750 f i MSVCRT:guard_support.obj
 0001:00006754       __castguard_check_failure_os_handled 0000000180007754 f i MSVCRT:guard_support.obj
 0001:000067b0       __castguard_check_failure_user_handled 00000001800077b0 f i MSVCRT:guard_support.obj
 0001:00006824       __castguard_set_user_handler 0000000180007824 f i MSVCRT:guard_support.obj
 0001:00006830       __castguard_slow_path_check_debugbreak 0000000180007830 f i MSVCRT:guard_support.obj
 0001:00006864       __castguard_slow_path_check_fastfail 0000000180007864 f i MSVCRT:guard_support.obj
 0001:000068a0       __castguard_slow_path_check_nop 00000001800078a0 f i MSVCRT:guard_support.obj
 0001:000068a4       __castguard_slow_path_check_os_handled 00000001800078a4 f i MSVCRT:guard_support.obj
 0001:000068f8       __castguard_slow_path_check_user_handled 00000001800078f8 f i MSVCRT:guard_support.obj
 0001:00006964       _guard_icall_checks_enforced 0000000180007964 f i MSVCRT:guard_support.obj
 0001:0000697c       _guard_rf_checks_enforced  000000018000797c f i MSVCRT:guard_support.obj
 0001:000069ec       __security_init_cookie     00000001800079ec f   MSVCRT:gs_support.obj
 0001:00006a98       ?__scrt_initialize_type_info@@YAXXZ 0000000180007a98 f   MSVCRT:tncleanup.obj
 0001:00006aa8       ?__scrt_uninitialize_type_info@@YAXXZ 0000000180007aa8 f   MSVCRT:tncleanup.obj
 0001:00006ab4       __local_stdio_printf_options 0000000180007ab4 f i MSVCRT:default_local_stdio_options.obj
 0001:00006abc       __local_stdio_scanf_options 0000000180007abc f i MSVCRT:default_local_stdio_options.obj
 0001:00006ac4       __scrt_initialize_default_local_stdio_options 0000000180007ac4 f   MSVCRT:default_local_stdio_options.obj
 0001:00006ae0       __scrt_get_dyn_tls_init_callback 0000000180007ae0 f   MSVCRT:dyn_tls_init.obj
 0001:00006ae8       _RTC_Initialize            0000000180007ae8 f   MSVCRT:initsect.obj
 0001:00006b24       _RTC_Terminate             0000000180007b24 f   MSVCRT:initsect.obj
 0001:00006b60       __std_terminate            0000000180007b60 f   vcruntime:VCRUNTIME140.dll
 0001:00006b66       __std_exception_copy       0000000180007b66 f   vcruntime:VCRUNTIME140.dll
 0001:00006b6c       __std_exception_destroy    0000000180007b6c f   vcruntime:VCRUNTIME140.dll
 0001:00006b72       _CxxThrowException         0000000180007b72 f   vcruntime:VCRUNTIME140.dll
 0001:00006b78       __CxxFrameHandler4         0000000180007b78 f   vcruntime:VCRUNTIME140_1.dll
 0001:00006b7e       memcpy                     0000000180007b7e f   vcruntime:VCRUNTIME140.dll
 0001:00006b84       memmove                    0000000180007b84 f   vcruntime:VCRUNTIME140.dll
 0001:00006b8a       memset                     0000000180007b8a f   vcruntime:VCRUNTIME140.dll
 0001:00006b90       memcmp                     0000000180007b90 f   vcruntime:VCRUNTIME140.dll
 0001:00006b96       __C_specific_handler       0000000180007b96 f   vcruntime:VCRUNTIME140.dll
 0001:00006b9c       __current_exception        0000000180007b9c f   vcruntime:VCRUNTIME140.dll
 0001:00006ba2       __current_exception_context 0000000180007ba2 f   vcruntime:VCRUNTIME140.dll
 0001:00006ba8       __std_type_info_destroy_list 0000000180007ba8 f   vcruntime:VCRUNTIME140.dll
 0001:00006bae       _invalid_parameter_noinfo_noreturn 0000000180007bae f   ucrt:api-ms-win-crt-runtime-l1-1-0.dll
 0001:00006bb4       calloc                     0000000180007bb4 f   ucrt:api-ms-win-crt-heap-l1-1-0.dll
 0001:00006bba       free                       0000000180007bba f   ucrt:api-ms-win-crt-heap-l1-1-0.dll
 0001:00006bc0       abort                      0000000180007bc0 f   ucrt:api-ms-win-crt-runtime-l1-1-0.dll
 0001:00006bc6       _fullpath                  0000000180007bc6 f   ucrt:api-ms-win-crt-filesystem-l1-1-0.dll
 0001:00006bcc       _splitpath                 0000000180007bcc f   ucrt:api-ms-win-crt-filesystem-l1-1-0.dll
 0001:00006bd2       getenv                     0000000180007bd2 f   ucrt:api-ms-win-crt-environment-l1-1-0.dll
 0001:00006bd8       _putenv                    0000000180007bd8 f   ucrt:api-ms-win-crt-environment-l1-1-0.dll
 0001:00006bde       malloc                     0000000180007bde f   ucrt:api-ms-win-crt-heap-l1-1-0.dll
 0001:00006be4       _callnewh                  0000000180007be4 f   ucrt:api-ms-win-crt-heap-l1-1-0.dll
 0001:00006bea       _seh_filter_dll            0000000180007bea f   ucrt:api-ms-win-crt-runtime-l1-1-0.dll
 0001:00006bf0       _configure_narrow_argv     0000000180007bf0 f   ucrt:api-ms-win-crt-runtime-l1-1-0.dll
 0001:00006bf6       _initialize_narrow_environment 0000000180007bf6 f   ucrt:api-ms-win-crt-runtime-l1-1-0.dll
 0001:00006bfc       _initialize_onexit_table   0000000180007bfc f   ucrt:api-ms-win-crt-runtime-l1-1-0.dll
 0001:00006c02       _register_onexit_function  0000000180007c02 f   ucrt:api-ms-win-crt-runtime-l1-1-0.dll
 0001:00006c08       _execute_onexit_table      0000000180007c08 f   ucrt:api-ms-win-crt-runtime-l1-1-0.dll
 0001:00006c0e       _crt_atexit                0000000180007c0e f   ucrt:api-ms-win-crt-runtime-l1-1-0.dll
 0001:00006c14       _crt_at_quick_exit         0000000180007c14 f   ucrt:api-ms-win-crt-runtime-l1-1-0.dll
 0001:00006c1a       _cexit                     0000000180007c1a f   ucrt:api-ms-win-crt-runtime-l1-1-0.dll
 0001:00006c20       _initterm                  0000000180007c20 f   ucrt:api-ms-win-crt-runtime-l1-1-0.dll
 0001:00006c26       _initterm_e                0000000180007c26 f   ucrt:api-ms-win-crt-runtime-l1-1-0.dll
 0001:00006c2c       terminate                  0000000180007c2c f   ucrt:api-ms-win-crt-runtime-l1-1-0.dll
 0001:00006c32       InitOnceBeginInitialize    0000000180007c32 f   kernel32:KERNEL32.dll
 0001:00006c38       InitOnceComplete           0000000180007c38 f   kernel32:KERNEL32.dll
 0001:00006c3e       RtlCaptureContext          0000000180007c3e f   kernel32:KERNEL32.dll
 0001:00006c44       RtlLookupFunctionEntry     0000000180007c44 f   kernel32:KERNEL32.dll
 0001:00006c4a       RtlVirtualUnwind           0000000180007c4a f   kernel32:KERNEL32.dll
 0001:00006c50       IsDebuggerPresent          0000000180007c50 f   kernel32:KERNEL32.dll
 0001:00006c56       UnhandledExceptionFilter   0000000180007c56 f   kernel32:KERNEL32.dll
 0001:00006c5c       SetUnhandledExceptionFilter 0000000180007c5c f   kernel32:KERNEL32.dll
 0001:00006c62       GetStartupInfoW            0000000180007c62 f   kernel32:KERNEL32.dll
 0001:00006c68       IsProcessorFeaturePresent  0000000180007c68 f   kernel32:KERNEL32.dll
 0001:00006c6e       GetModuleHandleW           0000000180007c6e f   kernel32:KERNEL32.dll
 0001:00006c74       QueryPerformanceCounter    0000000180007c74 f   kernel32:KERNEL32.dll
 0001:00006c7a       GetCurrentProcessId        0000000180007c7a f   kernel32:KERNEL32.dll
 0001:00006c80       GetCurrentThreadId         0000000180007c80 f   kernel32:KERNEL32.dll
 0001:00006c86       GetSystemTimeAsFileTime    0000000180007c86 f   kernel32:KERNEL32.dll
 0001:00006c8c       InitializeSListHead        0000000180007c8c f   kernel32:KERNEL32.dll
 0001:00006c94       __acrt_initialize          0000000180007c94 f   MSVCRT:ucrt_stubs.obj
 0001:00006c94       __scrt_stub_for_acrt_initialize 0000000180007c94 f   MSVCRT:ucrt_stubs.obj
 0001:00006c94       __vcrt_initialize          0000000180007c94 f   MSVCRT:ucrt_stubs.obj
 0001:00006c98       __acrt_thread_attach       0000000180007c98 f   MSVCRT:ucrt_stubs.obj
 0001:00006c98       __scrt_stub_for_acrt_thread_attach 0000000180007c98 f   MSVCRT:ucrt_stubs.obj
 0001:00006c98       __vcrt_thread_attach       0000000180007c98 f   MSVCRT:ucrt_stubs.obj
 0001:00006c9c       __acrt_thread_detach       0000000180007c9c f   MSVCRT:ucrt_stubs.obj
 0001:00006c9c       __scrt_stub_for_acrt_thread_detach 0000000180007c9c f   MSVCRT:ucrt_stubs.obj
 0001:00006c9c       __vcrt_thread_detach       0000000180007c9c f   MSVCRT:ucrt_stubs.obj
 0001:00006ca0       __acrt_uninitialize        0000000180007ca0 f   MSVCRT:ucrt_stubs.obj
 0001:00006ca0       __scrt_stub_for_acrt_uninitialize 0000000180007ca0 f   MSVCRT:ucrt_stubs.obj
 0001:00006ca0       __vcrt_uninitialize        0000000180007ca0 f   MSVCRT:ucrt_stubs.obj
 0001:00006ca4       __acrt_uninitialize_critical 0000000180007ca4 f   MSVCRT:ucrt_stubs.obj
 0001:00006ca4       __scrt_stub_for_acrt_uninitialize_critical 0000000180007ca4 f   MSVCRT:ucrt_stubs.obj
 0001:00006ca4       __vcrt_uninitialize_critical 0000000180007ca4 f   MSVCRT:ucrt_stubs.obj
 0001:00006ca8       __scrt_stub_for_is_c_termination_complete 0000000180007ca8 f   MSVCRT:ucrt_stubs.obj
 0001:00006ca8       _is_c_termination_complete 0000000180007ca8 f   MSVCRT:ucrt_stubs.obj
 0001:00006cc0       _guard_dispatch_icall_nop  0000000180007cc0 f   MSVCRT:guard_dispatch.obj
 0001:00006ce0       _guard_xfg_dispatch_icall_nop 0000000180007ce0 f   MSVCRT:guard_xfg_dispatch.obj
 0002:00000000       __imp_GetLastError         0000000180009000     kernel32:KERNEL32.dll
 0002:00000008       __imp_GetModuleFileNameA   0000000180009008     kernel32:KERNEL32.dll
 0002:00000010       __imp_GetProcAddress       0000000180009010     kernel32:KERNEL32.dll
 0002:00000018       __imp_LoadLibraryA         0000000180009018     kernel32:KERNEL32.dll
 0002:00000020       __imp_LocalFree            0000000180009020     kernel32:KERNEL32.dll
 0002:00000028       __imp_FormatMessageA       0000000180009028     kernel32:KERNEL32.dll
 0002:00000030       __imp_SetDllDirectoryA     0000000180009030     kernel32:KERNEL32.dll
 0002:00000038       __imp_MultiByteToWideChar  0000000180009038     kernel32:KERNEL32.dll
 0002:00000040       __imp_WideCharToMultiByte  0000000180009040     kernel32:KERNEL32.dll
 0002:00000048       __imp_GetSystemTimeAsFileTime 0000000180009048     kernel32:KERNEL32.dll
 0002:00000050       __imp_GetCurrentThreadId   0000000180009050     kernel32:KERNEL32.dll
 0002:00000058       __imp_GetCurrentProcessId  0000000180009058     kernel32:KERNEL32.dll
 0002:00000060       __imp_QueryPerformanceCounter 0000000180009060     kernel32:KERNEL32.dll
 0002:00000068       __imp_GetModuleHandleW     0000000180009068     kernel32:KERNEL32.dll
 0002:00000070       __imp_IsProcessorFeaturePresent 0000000180009070     kernel32:KERNEL32.dll
 0002:00000078       __imp_GetStartupInfoW      0000000180009078     kernel32:KERNEL32.dll
 0002:00000080       __imp_SetUnhandledExceptionFilter 0000000180009080     kernel32:KERNEL32.dll
 0002:00000088       __imp_UnhandledExceptionFilter 0000000180009088     kernel32:KERNEL32.dll
 0002:00000090       __imp_IsDebuggerPresent    0000000180009090     kernel32:KERNEL32.dll
 0002:00000098       __imp_RtlVirtualUnwind     0000000180009098     kernel32:KERNEL32.dll
 0002:000000a0       __imp_RtlLookupFunctionEntry 00000001800090a0     kernel32:KERNEL32.dll
 0002:000000a8       __imp_RtlCaptureContext    00000001800090a8     kernel32:KERNEL32.dll
 0002:000000b0       __imp_InitOnceComplete     00000001800090b0     kernel32:KERNEL32.dll
 0002:000000b0       __imp___std_init_once_complete 00000001800090b0     kernel32:KERNEL32.dll
 0002:000000b8       __imp_InitOnceBeginInitialize 00000001800090b8     kernel32:KERNEL32.dll
 0002:000000b8       __imp___std_init_once_begin_initialize 00000001800090b8     kernel32:KERNEL32.dll
 0002:000000c0       __imp_InitializeSListHead  00000001800090c0     kernel32:KERNEL32.dll
 0002:000000c8       \177KERNEL32_NULL_THUNK_DATA 00000001800090c8     kernel32:KERNEL32.dll
 0002:000000d0       __imp_?fill@?$basic_ios@DU?$char_traits@D@std@@@std@@QEBADXZ 00000001800090d0     msvcprt:MSVCP140.dll
 0002:000000d8       __imp_?widen@?$basic_ios@DU?$char_traits@D@std@@@std@@QEBADD@Z 00000001800090d8     msvcprt:MSVCP140.dll
 0002:000000e0       __imp_?_Osfx@?$basic_ostream@DU?$char_traits@D@std@@@std@@QEAAXXZ 00000001800090e0     msvcprt:MSVCP140.dll
 0002:000000e8       __imp_??6?$basic_ostream@DU?$char_traits@D@std@@@std@@QEAAAEAV01@P6AAEAV01@AEAV01@@Z@Z 00000001800090e8     msvcprt:MSVCP140.dll
 0002:000000f0       __imp_?put@?$basic_ostream@DU?$char_traits@D@std@@@std@@QEAAAEAV12@D@Z 00000001800090f0     msvcprt:MSVCP140.dll
 0002:000000f8       __imp_?flush@?$basic_ostream@DU?$char_traits@D@std@@@std@@QEAAAEAV12@XZ 00000001800090f8     msvcprt:MSVCP140.dll
 0002:00000100       __imp_?cout@std@@3V?$basic_ostream@DU?$char_traits@D@std@@@1@A 0000000180009100     msvcprt:MSVCP140.dll
 0002:00000108       __imp_?sputn@?$basic_streambuf@DU?$char_traits@D@std@@@std@@QEAA_JPEBD_J@Z 0000000180009108     msvcprt:MSVCP140.dll
 0002:00000110       __imp_?sputc@?$basic_streambuf@DU?$char_traits@D@std@@@std@@QEAAHD@Z 0000000180009110     msvcprt:MSVCP140.dll
 0002:00000118       __imp_?width@ios_base@std@@QEAA_J_J@Z 0000000180009118     msvcprt:MSVCP140.dll
 0002:00000120       __imp_?width@ios_base@std@@QEBA_JXZ 0000000180009120     msvcprt:MSVCP140.dll
 0002:00000128       __imp_?flags@ios_base@std@@QEBAHXZ 0000000180009128     msvcprt:MSVCP140.dll
 0002:00000130       __imp_?rdbuf@?$basic_ios@DU?$char_traits@D@std@@@std@@QEBAPEAV?$basic_streambuf@DU?$char_traits@D@std@@@2@XZ 0000000180009130     msvcprt:MSVCP140.dll
 0002:00000138       __imp_?good@ios_base@std@@QEBA_NXZ 0000000180009138     msvcprt:MSVCP140.dll
 0002:00000140       __imp_?_W_Getmonths@_Locinfo@std@@QEBAPEBGXZ 0000000180009140     msvcprt:MSVCP140.dll
 0002:00000148       __imp_?_W_Getdays@_Locinfo@std@@QEBAPEBGXZ 0000000180009148     msvcprt:MSVCP140.dll
 0002:00000150       __imp_?_Getcvt@_Locinfo@std@@QEBA?AU_Cvtvec@@XZ 0000000180009150     msvcprt:MSVCP140.dll
 0002:00000158       __imp_?setstate@?$basic_ios@DU?$char_traits@D@std@@@std@@QEAAXH_N@Z 0000000180009158     msvcprt:MSVCP140.dll
 0002:00000160       __imp__Mbrtowc             0000000180009160     msvcprt:MSVCP140.dll
 0002:00000168       __imp_?tie@?$basic_ios@DU?$char_traits@D@std@@@std@@QEBAPEAV?$basic_ostream@DU?$char_traits@D@std@@@2@XZ 0000000180009168     msvcprt:MSVCP140.dll
 0002:00000170       __imp_?uncaught_exception@std@@YA_NXZ 0000000180009170     msvcprt:MSVCP140.dll
 0002:00000178       __imp_?_Xbad_alloc@std@@YAXXZ 0000000180009178     msvcprt:MSVCP140.dll
 0002:00000180       __imp_?_Xlength_error@std@@YAXPEBD@Z 0000000180009180     msvcprt:MSVCP140.dll
 0002:00000188       \177MSVCP140_NULL_THUNK_DATA 0000000180009188     msvcprt:MSVCP140.dll
 0002:00000190       __imp___current_exception  0000000180009190     vcruntime:VCRUNTIME140.dll
 0002:00000198       __imp_memcmp               0000000180009198     vcruntime:VCRUNTIME140.dll
 0002:000001a0       __imp_memset               00000001800091a0     vcruntime:VCRUNTIME140.dll
 0002:000001a8       __imp_memmove              00000001800091a8     vcruntime:VCRUNTIME140.dll
 0002:000001b0       __imp_memcpy               00000001800091b0     vcruntime:VCRUNTIME140.dll
 0002:000001b8       __imp__CxxThrowException   00000001800091b8     vcruntime:VCRUNTIME140.dll
 0002:000001c0       __imp___std_exception_destroy 00000001800091c0     vcruntime:VCRUNTIME140.dll
 0002:000001c8       __imp___std_exception_copy 00000001800091c8     vcruntime:VCRUNTIME140.dll
 0002:000001d0       __imp___current_exception_context 00000001800091d0     vcruntime:VCRUNTIME140.dll
 0002:000001d8       __imp___std_terminate      00000001800091d8     vcruntime:VCRUNTIME140.dll
 0002:000001e0       __imp___std_type_info_destroy_list 00000001800091e0     vcruntime:VCRUNTIME140.dll
 0002:000001e8       __imp___C_specific_handler 00000001800091e8     vcruntime:VCRUNTIME140.dll
 0002:000001f0       \177VCRUNTIME140_NULL_THUNK_DATA 00000001800091f0     vcruntime:VCRUNTIME140.dll
 0002:000001f8       __imp___CxxFrameHandler4   00000001800091f8     vcruntime:VCRUNTIME140_1.dll
 0002:00000200       \177VCRUNTIME140_1_NULL_THUNK_DATA 0000000180009200     vcruntime:VCRUNTIME140_1.dll
 0002:00000208       __imp__putenv              0000000180009208     ucrt:api-ms-win-crt-environment-l1-1-0.dll
 0002:00000210       __imp_getenv               0000000180009210     ucrt:api-ms-win-crt-environment-l1-1-0.dll
 0002:00000218       \177api-ms-win-crt-environment-l1-1-0_NULL_THUNK_DATA 0000000180009218     ucrt:api-ms-win-crt-environment-l1-1-0.dll
 0002:00000220       __imp__fullpath            0000000180009220     ucrt:api-ms-win-crt-filesystem-l1-1-0.dll
 0002:00000228       __imp__splitpath           0000000180009228     ucrt:api-ms-win-crt-filesystem-l1-1-0.dll
 0002:00000230       \177api-ms-win-crt-filesystem-l1-1-0_NULL_THUNK_DATA 0000000180009230     ucrt:api-ms-win-crt-filesystem-l1-1-0.dll
 0002:00000238       __imp__callnewh            0000000180009238     ucrt:api-ms-win-crt-heap-l1-1-0.dll
 0002:00000240       __imp_calloc               0000000180009240     ucrt:api-ms-win-crt-heap-l1-1-0.dll
 0002:00000248       __imp_malloc               0000000180009248     ucrt:api-ms-win-crt-heap-l1-1-0.dll
 0002:00000250       __imp_free                 0000000180009250     ucrt:api-ms-win-crt-heap-l1-1-0.dll
 0002:00000258       \177api-ms-win-crt-heap-l1-1-0_NULL_THUNK_DATA 0000000180009258     ucrt:api-ms-win-crt-heap-l1-1-0.dll
 0002:00000260       __imp__configure_narrow_argv 0000000180009260     ucrt:api-ms-win-crt-runtime-l1-1-0.dll
[...]
 0002:00001dc4       $cppxdata$?_Tidy_deallocate@?$basic_string@_WU?$char_traits@_W@std@@V?$allocator@_W@2@@std@@AEAAXXZ 000000018000adc4     cppsharedlib_interface_util.obj
 0002:00001dcd       $stateUnwindMap$?_Tidy_deallocate@?$basic_string@_WU?$char_traits@_W@std@@V?$allocator@_W@2@@std@@AEAAXXZ 000000018000adcd     cppsharedlib_interface_util.obj
 0002:00001dd3       $ip2state$?_Tidy_deallocate@?$basic_string@_WU?$char_traits@_W@std@@V?$allocator@_W@2@@std@@AEAAXXZ 000000018000add3     cppsharedlib_interface_util.obj
 0002:00001dd8       $unwind$util_utf8_to_utf16 000000018000add8     cppsharedlib_interface_util.obj
 0002:00001df8       $cppxdata$util_utf8_to_utf16 000000018000adf8     cppsharedlib_interface_util.obj
 0002:00001e01       $stateUnwindMap$util_utf8_to_utf16 000000018000ae01     cppsharedlib_interface_util.obj
 0002:00001e1f       $ip2state$util_utf8_to_utf16 000000018000ae1f     cppsharedlib_interface_util.obj
 0002:00001e30       $unwind$util_utf16_to_utf8 000000018000ae30     cppsharedlib_interface_util.obj
 0002:00001e54       $cppxdata$util_utf16_to_utf8 000000018000ae54     cppsharedlib_interface_util.obj
 0002:00001e61       $stateUnwindMap$util_utf16_to_utf8 000000018000ae61     cppsharedlib_interface_util.obj
 0002:00001e8f       $tryMap$util_utf16_to_utf8 000000018000ae8f     cppsharedlib_interface_util.obj
 0002:00001e97       $handlerMap$util_utf16_to_utf8 000000018000ae97     cppsharedlib_interface_util.obj
 0002:00001ea0       $ip2state$util_utf16_to_utf8 000000018000aea0     cppsharedlib_interface_util.obj
 0002:00001ec0       $unwind$util_utf16_to_utf8$catch$35 000000018000aec0     cppsharedlib_interface_util.obj
 0002:00001ec8       $unwind$??0?$vector@_WV?$allocator@_W@std@@@std@@QEAA@_KAEB_WAEBV?$allocator@_W@1@@Z 000000018000aec8     cppsharedlib_interface_util.obj
 0002:00001ed8       $chain$1$??0?$vector@_WV?$allocator@_W@std@@@std@@QEAA@_KAEB_WAEBV?$allocator@_W@1@@Z 000000018000aed8     cppsharedlib_interface_util.obj
 0002:00001ef0       $chain$2$??0?$vector@_WV?$allocator@_W@std@@@std@@QEAA@_KAEB_WAEBV?$allocator@_W@1@@Z 000000018000aef0     cppsharedlib_interface_util.obj
 0002:00001f00       $unwind$?_Buy_raw@?$vector@_WV?$allocator@_W@std@@@std@@AEAAX_K@Z 000000018000af00     cppsharedlib_interface_util.obj
 0002:00001f0c       $unwind$?_Buy_nonzero@?$vector@_WV?$allocator@_W@std@@@std@@AEAAX_K@Z 000000018000af0c     cppsharedlib_interface_util.obj
 0002:00001f18       $unwind$?_Tidy@?$vector@_WV?$allocator@_W@std@@@std@@AEAAXXZ 000000018000af18     cppsharedlib_interface_util.obj
 0002:00001f28       $cppxdata$?_Tidy@?$vector@_WV?$allocator@_W@std@@@std@@AEAAXXZ 000000018000af28     cppsharedlib_interface_util.obj
 0002:00001f31       $stateUnwindMap$?_Tidy@?$vector@_WV?$allocator@_W@std@@@std@@AEAAXXZ 000000018000af31     cppsharedlib_interface_util.obj
 0002:00001f37       $ip2state$?_Tidy@?$vector@_WV?$allocator@_W@std@@@std@@AEAAXXZ 000000018000af37     cppsharedlib_interface_util.obj
 0002:00001f3c       $unwind$?_Xlength@?$vector@_WV?$allocator@_W@std@@@std@@CAXXZ 000000018000af3c     cppsharedlib_interface_util.obj
 0002:00001f44       $unwind$??$?8DU?$char_traits@D@std@@V?$allocator@D@1@@std@@YA_NAEBV?$basic_string@DU?$char_traits@D@std@@V?$allocator@D@2@@0@QEBD@Z 000000018000af44     cppsharedlib_interface_util.obj
 0002:00001f4c       $unwind$??$?0V?$_String_iterator@V?$_String_val@U?$_Simple_types@_S@std@@@std@@@std@@$0A@@?$basic_string@_WU?$char_traits@_W@std@@V?$allocator@_W@2@@std@@QEAA@V?$_String_iterator@V?$_String_val@U?$_Simple_types@_S@std@@@std@@@1@0AEBV?$allocator@_W@1@@Z 000000018000af4c     cppsharedlib_interface_util.obj
 0002:00001f64       $unwind$??$_Construct_n@AEB_W@?$vector@_WV?$allocator@_W@std@@@std@@AEAAX_KAEB_W@Z 000000018000af64     cppsharedlib_interface_util.obj
 0002:00001f74       $chain$0$??$_Construct_n@AEB_W@?$vector@_WV?$allocator@_W@std@@@std@@AEAAX_KAEB_W@Z 000000018000af74     cppsharedlib_interface_util.obj
 0002:00001f88       $chain$1$??$_Construct_n@AEB_W@?$vector@_WV?$allocator@_W@std@@@std@@AEAAX_KAEB_W@Z 000000018000af88     cppsharedlib_interface_util.obj
 0002:00001f9c       $chain$2$??$_Construct_n@AEB_W@?$vector@_WV?$allocator@_W@std@@@std@@AEAAX_KAEB_W@Z 000000018000af9c     cppsharedlib_interface_util.obj
 0002:00001fac       $chain$3$??$_Construct_n@AEB_W@?$vector@_WV?$allocator@_W@std@@@std@@AEAAX_KAEB_W@Z 000000018000afac     cppsharedlib_interface_util.obj
 0002:00001fbc       $unwind$??R<lambda_1>@?1??append@?$basic_string@DU?$char_traits@D@std@@V?$allocator@D@2@@std@@QEAAAEAV23@_KD@Z@QEBA@QEADQEBD00D@Z 000000018000afbc     cppsharedlib_interface_util.obj
 0002:00001fc8       $unwind$??$_Reallocate_grow_by@V<lambda_1>@?1??append@?$basic_string@DU?$char_traits@D@std@@V?$allocator@D@2@@std@@QEAAAEAV34@_KD@Z@_KD@?$basic_string@DU?$char_traits@D@std@@V?$allocator@D@2@@std@@AEAAAEAV01@_KV<lambda_1>@?1??append@01@QEAAAEAV01@0D@Z@_KD@Z 000000018000afc8     cppsharedlib_interface_util.obj
 0002:00001fec       $cppxdata$??$_Reallocate_grow_by@V<lambda_1>@?1??append@?$basic_string@DU?$char_traits@D@std@@V?$allocator@D@2@@std@@QEAAAEAV34@_KD@Z@_KD@?$basic_string@DU?$char_traits@D@std@@V?$allocator@D@2@@std@@AEAAAEAV01@_KV<lambda_1>@?1??append@01@QEAAAEAV01@0D@Z@_KD@Z 000000018000afec     cppsharedlib_interface_util.obj
 0002:00001ff5       $stateUnwindMap$??$_Reallocate_grow_by@V<lambda_1>@?1??append@?$basic_string@DU?$char_traits@D@std@@V?$allocator@D@2@@std@@QEAAAEAV34@_KD@Z@_KD@?$basic_string@DU?$char_traits@D@std@@V?$allocator@D@2@@std@@AEAAAEAV01@_KV<lambda_1>@?1??append@01@QEAAAEAV01@0D@Z@_KD@Z 000000018000aff5     cppsharedlib_interface_util.obj
 0002:00001ffb       $ip2state$??$_Reallocate_grow_by@V<lambda_1>@?1??append@?$basic_string@DU?$char_traits@D@std@@V?$allocator@D@2@@std@@QEAAAEAV34@_KD@Z@_KD@?$basic_string@DU?$char_traits@D@std@@V?$allocator@D@2@@std@@AEAAAEAV01@_KV<lambda_1>@?1??append@01@QEAAAEAV01@0D@Z@_KD@Z 000000018000affb     cppsharedlib_interface_util.obj
 0002:00002004       $unwind$??$_Construct_from_iter@PEA_SPEA_S_K@?$basic_string@_WU?$char_traits@_W@std@@V?$allocator@_W@2@@std@@AEAAXPEA_SQEA_S_K@Z 000000018000b004     cppsharedlib_interface_util.obj
 0002:0000201c       $unwind$??$_Uninitialized_fill_n@V?$allocator@_W@std@@@std@@YAPEA_WPEA_W_KAEB_WAEAV?$allocator@_W@0@@Z 000000018000b01c     cppsharedlib_interface_util.obj
 0002:00002024       $chain$0$??$_Uninitialized_fill_n@V?$allocator@_W@std@@@std@@YAPEA_WPEA_W_KAEB_WAEAV?$allocator@_W@0@@Z 000000018000b024     cppsharedlib_interface_util.obj
 0002:00002038       $chain$1$??$_Uninitialized_fill_n@V?$allocator@_W@std@@@std@@YAPEA_WPEA_W_KAEB_WAEAV?$allocator@_W@0@@Z 000000018000b038     cppsharedlib_interface_util.obj
 0002:00002048       $unwind$??$_Traits_equal@U?$char_traits@D@std@@@std@@YA_NQEBD_K01@Z 000000018000b048     cppsharedlib_interface_util.obj
 0002:00002050       $unwind$__std_init_once_link_alternate_names_and_abort 000000018000b050     msvcprt:xonce2.obj
 0002:00002058       $unwind$??2@YAPEAX_K@Z     000000018000b058     MSVCRT:new_scalar.obj
 0002:00002060       $unwind$atexit             000000018000b060     MSVCRT:utility.obj
 0002:00002068       $unwind$_onexit            000000018000b068     MSVCRT:utility.obj
 0002:00002070       $unwind$__scrt_is_nonwritable_in_current_image 000000018000b070     MSVCRT:utility.obj
 0002:00002090       $unwind$__scrt_is_nonwritable_in_current_image$filt$0 000000018000b090     MSVCRT:utility.obj
 0002:00002098       $unwind$__scrt_acquire_startup_lock 000000018000b098     MSVCRT:utility.obj
 0002:000020a0       $unwind$__scrt_release_startup_lock 000000018000b0a0     MSVCRT:utility.obj
 0002:000020a8       $unwind$__scrt_initialize_crt 000000018000b0a8     MSVCRT:utility.obj
 0002:000020b0       $unwind$__scrt_uninitialize_crt 000000018000b0b0     MSVCRT:utility.obj
 0002:000020b8       $unwind$__scrt_initialize_onexit_tables 000000018000b0b8     MSVCRT:utility.obj
 0002:000020c0       $unwind$__scrt_dllmain_exception_filter 000000018000b0c0     MSVCRT:utility.obj
 0002:000020d4       $unwind$__scrt_dllmain_before_initialize_c 000000018000b0d4     MSVCRT:utility.obj
 0002:000020dc       $unwind$__scrt_dllmain_after_initialize_c 000000018000b0dc     MSVCRT:utility.obj
 0002:000020e4       $unwind$__scrt_dllmain_uninitialize_c 000000018000b0e4     MSVCRT:utility.obj
 0002:000020ec       $unwind$__scrt_dllmain_uninitialize_critical 000000018000b0ec     MSVCRT:utility.obj
 0002:000020f4       $unwind$__scrt_dllmain_crt_thread_attach 000000018000b0f4     MSVCRT:utility.obj
 0002:000020fc       $unwind$__scrt_dllmain_crt_thread_detach 000000018000b0fc     MSVCRT:utility.obj
 0002:00002104       $unwind$?configure_argv@__scrt_narrow_argv_policy@@SAHXZ 000000018000b104     MSVCRT:utility.obj
 0002:00002110       $xdatasym                  000000018000b110     MSVCRT:chkstk.obj
 0002:00002118       $unwind$??_Gtype_info@@UEAAPEAXI@Z 000000018000b118     MSVCRT:std_type_info_static.obj
 0002:00002120       $unwind$?dllmain_crt_process_attach@@YAHQEAUHINSTANCE__@@QEAX@Z 000000018000b120     MSVCRT:dll_dllmain.obj
 0002:0000215c       $unwind$?fin$0@?0??dllmain_crt_process_attach@@YAHQEAUHINSTANCE__@@QEAX@Z@4HA 000000018000b15c     MSVCRT:dll_dllmain.obj
 0002:00002164       $unwind$?dllmain_crt_process_detach@@YAH_N@Z 000000018000b164     MSVCRT:dll_dllmain.obj
 0002:000021b8       $unwind$?fin$0@?0??dllmain_crt_process_detach@@YAH_N@Z@4HA 000000018000b1b8     MSVCRT:dll_dllmain.obj
 0002:000021c0       $unwind$?fin$1@?0??dllmain_crt_process_detach@@YAH_N@Z@4HA 000000018000b1c0     MSVCRT:dll_dllmain.obj
 0002:000021c8       $unwind$?dllmain_crt_dispatch@@YAHQEAUHINSTANCE__@@KQEAX@Z 000000018000b1c8     MSVCRT:dll_dllmain.obj
 0002:000021d0       $unwind$?dllmain_dispatch@@YAHQEAUHINSTANCE__@@KQEAX@Z 000000018000b1d0     MSVCRT:dll_dllmain.obj
 0002:000021f8       $unwind$?filt$0@?0??dllmain_dispatch@@YAHQEAUHINSTANCE__@@KQEAX@Z@4HA 000000018000b1f8     MSVCRT:dll_dllmain.obj
 0002:00002200       $unwind$_DllMainCRTStartup 000000018000b200     MSVCRT:dll_dllmain.obj
 0002:00002210       $unwind$?__scrt_throw_std_bad_alloc@@YAXXZ 000000018000b210     MSVCRT:throw_bad_alloc.obj
 0002:00002218       $unwind$?__scrt_throw_std_bad_array_new_length@@YAXXZ 000000018000b218     MSVCRT:throw_bad_alloc.obj
 0002:00002220       $unwind$__isa_available_init 000000018000b220     MSVCRT:cpu_disp.obj
 0002:00002230       $unwind$__scrt_get_show_window_mode 000000018000b230     MSVCRT:utility_desktop.obj
 0002:00002238       $unwind$__scrt_is_managed_app 000000018000b238     MSVCRT:utility_desktop.obj
 0002:00002240       $unwind$__scrt_fastfail    000000018000b240     MSVCRT:utility_desktop.obj
 0002:00002250       $unwind$__scrt_unhandled_exception_filter 000000018000b250     MSVCRT:utility_desktop.obj
 0002:0000225c       $unwind$__castguard_check_failure_os_handled_wrapper 000000018000b25c     MSVCRT:guard_support.obj
 0002:00002264       $unwind$__castguard_check_failure_user_handled_wrapper 000000018000b264     MSVCRT:guard_support.obj
 0002:0000226c       $unwind$__castguard_check_failure_os_handled 000000018000b26c     MSVCRT:guard_support.obj
 0002:00002274       $unwind$__castguard_check_failure_user_handled 000000018000b274     MSVCRT:guard_support.obj
 0002:0000227c       $unwind$__castguard_slow_path_check_os_handled 000000018000b27c     MSVCRT:guard_support.obj
 0002:00002284       $unwind$__castguard_slow_path_check_user_handled 000000018000b284     MSVCRT:guard_support.obj
 0002:0000228c       $unwind$__security_init_cookie 000000018000b28c     MSVCRT:gs_support.obj
 0002:00002298       $unwind$__get_entropy      000000018000b298     MSVCRT:gs_support.obj
 0002:000022a0       $unwind$__scrt_initialize_default_local_stdio_options 000000018000b2a0     MSVCRT:default_local_stdio_options.obj
 0002:000022a8       $unwind$_RTC_Initialize    000000018000b2a8     MSVCRT:initsect.obj
 0002:000022b4       $unwind$_RTC_Terminate     000000018000b2b4     MSVCRT:initsect.obj
 0002:000022c0       $xdatasym                  000000018000b2c0     MSVCRT:guard_dispatch.obj
 0002:000022c8       $xdatasym                  000000018000b2c8     MSVCRT:guard_xfg_dispatch.obj
 0002:000023c0       .edata                     000000018000b3c0     libMatlabCppSharedLib.exp
 0002:000023e8       rgpv                       000000018000b3e8     libMatlabCppSharedLib.exp
 0002:00002454       rgszName                   000000018000b454     libMatlabCppSharedLib.exp
 0002:000024c0       rgwOrd                     000000018000b4c0     libMatlabCppSharedLib.exp
 0002:000024f6       szName                     000000018000b4f6     libMatlabCppSharedLib.exp
 0002:00002514       $N00001                    000000018000b514     libMatlabCppSharedLib.exp
 0002:0000253e       $N00002                    000000018000b53e     libMatlabCppSharedLib.exp
 0002:0000255b       $N00003                    000000018000b55b     libMatlabCppSharedLib.exp
 0002:0000257c       $N00004                    000000018000b57c     libMatlabCppSharedLib.exp
 0002:0000259f       $N00005                    000000018000b59f     libMatlabCppSharedLib.exp
 0002:000025ca       $N00006                    000000018000b5ca     libMatlabCppSharedLib.exp
 0002:000025eb       $N00007                    000000018000b5eb     libMatlabCppSharedLib.exp
 0002:0000260c       $N00008                    000000018000b60c     libMatlabCppSharedLib.exp
 0002:0000262d       $N00009                    000000018000b62d     libMatlabCppSharedLib.exp
 0002:00002651       $N00010                    000000018000b651     libMatlabCppSharedLib.exp
 0002:00002674       $N00011                    000000018000b674     libMatlabCppSharedLib.exp
 0002:0000268a       $N00012                    000000018000b68a     libMatlabCppSharedLib.exp
 0002:0000269e       $N00013                    000000018000b69e     libMatlabCppSharedLib.exp
 0002:000026b8       $N00014                    000000018000b6b8     libMatlabCppSharedLib.exp
 0002:000026da       $N00015                    000000018000b6da     libMatlabCppSharedLib.exp
 0002:000026f6       $N00016                    000000018000b6f6     libMatlabCppSharedLib.exp
 0002:0000270d       $N00017                    000000018000b70d     libMatlabCppSharedLib.exp
 0002:0000272c       $N00018                    000000018000b72c     libMatlabCppSharedLib.exp
 0002:00002746       $N00019                    000000018000b746     libMatlabCppSharedLib.exp
 0002:00002768       $N00020                    000000018000b768     libMatlabCppSharedLib.exp
 0002:0000277f       $N00021                    000000018000b77f     libMatlabCppSharedLib.exp
 0002:0000279e       $N00022                    000000018000b79e     libMatlabCppSharedLib.exp
 0002:000027b1       $N00023                    000000018000b7b1     libMatlabCppSharedLib.exp
 0002:000027c3       $N00024                    000000018000b7c3     libMatlabCppSharedLib.exp
 0002:000027d6       $N00025                    000000018000b7d6     libMatlabCppSharedLib.exp
 0002:000027e9       $N00026                    000000018000b7e9     libMatlabCppSharedLib.exp
 0002:00002803       $N00027                    000000018000b803     libMatlabCppSharedLib.exp
 0002:00002c5e       .idata$6                   000000018000bc5e     kernel32:KERNEL32.dll
 0002:0000313c       .idata$6                   000000018000c13c     msvcprt:MSVCP140.dll
 0002:0000324e       .idata$6                   000000018000c24e     vcruntime:VCRUNTIME140.dll
 0002:00003260       .idata$6                   000000018000c260     vcruntime:VCRUNTIME140_1.dll
 0002:000033ea       .idata$6                   000000018000c3ea     ucrt:api-ms-win-crt-runtime-l1-1-0.dll
 0002:0000340c       .idata$6                   000000018000c40c     ucrt:api-ms-win-crt-heap-l1-1-0.dll
 0002:0000342c       .idata$6                   000000018000c42c     ucrt:api-ms-win-crt-filesystem-l1-1-0.dll
 0002:00003452       .idata$6                   000000018000c452     ucrt:api-ms-win-crt-environment-l1-1-0.dll
 0003:00000000       ?libengine_name@@3PEBDEB   000000018000d000     cppsharedlib_api.obj
 0003:00000008       ?errorMsg@?A0xb86e1bb7@@3V?$basic_string@_SU?$char_traits@_S@std@@V?$allocator@_S@2@@std@@A 000000018000d008     cppsharedlib_api.obj
 0003:00000130       ?errMsg@@3PEA_WEA          000000018000d130     cppsharedlib_api.obj
 0003:00000138       ?initMVMProcessSession@@3P6AXAEBV?$vector@V?$basic_string@_SU?$char_traits@_S@std@@V?$allocator@_S@2@@std@@V?$allocator@V?$basic_string@_SU?$char_traits@_S@std@@V?$allocator@_S@2@@std@@@2@@std@@@ZEA 000000018000d138     cppsharedlib_api.obj
 0003:00000140       ?module_path@@3PADA        000000018000d140     cppsharedlib_api.obj
 0003:00000b50       ?runtime_lib_path@@3PADA   000000018000db50     cppsharedlib_api.obj
 0003:00001558       ?createMVMInstanceAsync@@3P6A_KAEBV?$basic_string@_SU?$char_traits@_S@std@@V?$allocator@_S@2@@std@@0@ZEA 000000018000e558     cppsharedlib_api.obj
 0003:00001560       ?createMVMInstance@@3P6A_KAEBV?$basic_string@_SU?$char_traits@_S@std@@V?$allocator@_S@2@@std@@0@ZEA 000000018000e560     cppsharedlib_api.obj
 0003:00001568       ?engGetOutOfProcessMatlab@@3P6A_K_K@ZEA 000000018000e568     cppsharedlib_api.obj
 0003:00001570       ?engCancelMatlabAsync@@3P6AX_K@ZEA 000000018000e570     cppsharedlib_api.obj
 0003:00001578       ?engWaitMatlab@@3P6A_N_KN@ZEA 000000018000e578     cppsharedlib_api.obj
 0003:00001580       ?engWaitMatlabForever@@3P6AX_K@ZEA 000000018000e580     cppsharedlib_api.obj
 0003:00001588       ?engDestroyMatlabHandle@@3P6AX_K@ZEA 000000018000e588     cppsharedlib_api.obj
 0003:00001590       ?engFEvalWithCompletion@@3P6A_K_KAEBV?$basic_string@DU?$char_traits@D@std@@V?$allocator@D@2@@std@@0_NPEAPEAVArrayImpl@impl@data@matlab@@_KP6AXPEAX423@ZP6AX5424PEBX@Z555P6AX5PEB_S4@ZP6AX5@Z@ZEA 000000018000e590     cppsharedlib_api.obj
 0003:00001598       ?engCancelFevalWithCompletion@@3P6A_N_K_N@ZEA 000000018000e598     cppsharedlib_api.obj
 0003:000015a0       ?engDestroyTaskHandle@@3P6AX_K@ZEA 000000018000e5a0     cppsharedlib_api.obj
 0003:000015a8       ?engGetStackTraceNumber@@3P6A_K_K@ZEA 000000018000e5a8     cppsharedlib_api.obj
 0003:000015b0       ?engGetStackTraceMessage@@3P6APEBD_K@ZEA 000000018000e5b0     cppsharedlib_api.obj
 0003:000015b8       ?engGetStackFrameFile@@3P6APEB_S_K0@ZEA 000000018000e5b8     cppsharedlib_api.obj
 0003:000015c0       ?engGetStackFrameFunc@@3P6APEBD_K0@ZEA 000000018000e5c0     cppsharedlib_api.obj
 0003:000015c8       ?engGetStackFrameLine@@3P6A_K_K0@ZEA 000000018000e5c8     cppsharedlib_api.obj
 0003:000015d0       ?terminateMVMInstance@@3P6AX_K@ZEA 000000018000e5d0     cppsharedlib_api.obj
 0003:000015d8       ?waitForFiguresToClose@@3P6AX_K@ZEA 000000018000e5d8     cppsharedlib_api.obj
 0003:000015e0       ?terminateMVMProcessSession@@3P6AXXZEA 000000018000e5e0     cppsharedlib_api.obj
 0003:000015e8       ?engRunMain@@3P6AHP6AHHPEAPEBD@ZH0@ZEA 000000018000e5e8     cppsharedlib_api.obj
 0003:000015f0       ?toU16string@@3P6AXAEBV?$basic_string@DU?$char_traits@D@std@@V?$allocator@D@2@@std@@AEAV?$basic_string@_SU?$char_traits@_S@std@@V?$allocator@_S@2@@2@@ZEA 000000018000e5f0     cppsharedlib_api.obj
 0003:000015f8       ?engine_handle@@3PEAXEA    000000018000e5f8     cppsharedlib_api.obj
 0003:00001600       ?sessionFlag@?A0xb86e1bb7@@3Uonce_flag@std@@A 000000018000e600     cppsharedlib_api.obj
 0003:00001618       ?is_initialized_as_dll@@3_NA 000000018000e618     MSVCRT:utility.obj
 0003:00001619       ?module_local_atexit_table_initialized@@3_NA 000000018000e619     MSVCRT:utility.obj
 0003:00001620       ?module_local_atexit_table@@3U_onexit_table_t@@A 000000018000e620     MSVCRT:utility.obj
 0003:00001638       ?module_local_at_quick_exit_table@@3U_onexit_table_t@@A 000000018000e638     MSVCRT:utility.obj
 0003:00001650       ?__proc_attached@@3HA      000000018000e650     MSVCRT:dll_dllmain.obj
